Archive member included to satisfy reference by file (symbol)

../mydsp/GCC\libarm_cortexM4lf_math.a(arm_max_f32.o)
                              ./Core/Src/oscilloscope.o (arm_max_f32)
../mydsp/GCC\libarm_cortexM4lf_math.a(arm_rfft_fast_init_f32.o)
                              ./Core/Src/oscilloscope.o (arm_rfft_fast_init_f32)
../mydsp/GCC\libarm_cortexM4lf_math.a(arm_rfft_fast_f32.o)
                              ./Core/Src/oscilloscope.o (arm_rfft_fast_f32)
../mydsp/GCC\libarm_cortexM4lf_math.a(arm_cfft_f32.o)
                              ../mydsp/GCC\libarm_cortexM4lf_math.a(arm_rfft_fast_f32.o) (arm_cfft_f32)
../mydsp/GCC\libarm_cortexM4lf_math.a(arm_cmplx_mag_f32.o)
                              ./Core/Src/oscilloscope.o (arm_cmplx_mag_f32)
../mydsp/GCC\libarm_cortexM4lf_math.a(arm_common_tables.o)
                              ../mydsp/GCC\libarm_cortexM4lf_math.a(arm_rfft_fast_init_f32.o) (twiddleCoef_rfft_4096)
../mydsp/GCC\libarm_cortexM4lf_math.a(arm_bitreversal2.o)
                              ../mydsp/GCC\libarm_cortexM4lf_math.a(arm_cfft_f32.o) (arm_bitreversal_32)
../mydsp/GCC\libarm_cortexM4lf_math.a(arm_cfft_radix8_f32.o)
                              ../mydsp/GCC\libarm_cortexM4lf_math.a(arm_cfft_f32.o) (arm_radix8_butterfly_f32)
D:/STM32CubeIDE_1.17.0/STM32CubeIDE/plugins/com.st.stm32cube.ide.mcu.externaltools.gnu-tools-for-stm32.12.3.rel1.win32_1.1.0.202410251130/tools/bin/../lib/gcc/arm-none-eabi/12.3.1/../../../../arm-none-eabi/lib/thumb/v7e-m+fp/hard\libc_nano.a(libc_a-exit.o)
                              D:/STM32CubeIDE_1.17.0/STM32CubeIDE/plugins/com.st.stm32cube.ide.mcu.externaltools.gnu-tools-for-stm32.12.3.rel1.win32_1.1.0.202410251130/tools/bin/../lib/gcc/arm-none-eabi/12.3.1/../../../../arm-none-eabi/lib/thumb/v7e-m+fp/hard/crt0.o (exit)
D:/STM32CubeIDE_1.17.0/STM32CubeIDE/plugins/com.st.stm32cube.ide.mcu.externaltools.gnu-tools-for-stm32.12.3.rel1.win32_1.1.0.202410251130/tools/bin/../lib/gcc/arm-none-eabi/12.3.1/../../../../arm-none-eabi/lib/thumb/v7e-m+fp/hard\libc_nano.a(libc_a-findfp.o)
                              D:/STM32CubeIDE_1.17.0/STM32CubeIDE/plugins/com.st.stm32cube.ide.mcu.externaltools.gnu-tools-for-stm32.12.3.rel1.win32_1.1.0.202410251130/tools/bin/../lib/gcc/arm-none-eabi/12.3.1/../../../../arm-none-eabi/lib/thumb/v7e-m+fp/hard\libc_nano.a(libc_a-exit.o) (__stdio_exit_handler)
D:/STM32CubeIDE_1.17.0/STM32CubeIDE/plugins/com.st.stm32cube.ide.mcu.externaltools.gnu-tools-for-stm32.12.3.rel1.win32_1.1.0.202410251130/tools/bin/../lib/gcc/arm-none-eabi/12.3.1/../../../../arm-none-eabi/lib/thumb/v7e-m+fp/hard\libc_nano.a(libc_a-fwalk.o)
                              D:/STM32CubeIDE_1.17.0/STM32CubeIDE/plugins/com.st.stm32cube.ide.mcu.externaltools.gnu-tools-for-stm32.12.3.rel1.win32_1.1.0.202410251130/tools/bin/../lib/gcc/arm-none-eabi/12.3.1/../../../../arm-none-eabi/lib/thumb/v7e-m+fp/hard\libc_nano.a(libc_a-findfp.o) (_fwalk_sglue)
D:/STM32CubeIDE_1.17.0/STM32CubeIDE/plugins/com.st.stm32cube.ide.mcu.externaltools.gnu-tools-for-stm32.12.3.rel1.win32_1.1.0.202410251130/tools/bin/../lib/gcc/arm-none-eabi/12.3.1/../../../../arm-none-eabi/lib/thumb/v7e-m+fp/hard\libc_nano.a(libc_a-stdio.o)
                              D:/STM32CubeIDE_1.17.0/STM32CubeIDE/plugins/com.st.stm32cube.ide.mcu.externaltools.gnu-tools-for-stm32.12.3.rel1.win32_1.1.0.202410251130/tools/bin/../lib/gcc/arm-none-eabi/12.3.1/../../../../arm-none-eabi/lib/thumb/v7e-m+fp/hard\libc_nano.a(libc_a-findfp.o) (__sread)
D:/STM32CubeIDE_1.17.0/STM32CubeIDE/plugins/com.st.stm32cube.ide.mcu.externaltools.gnu-tools-for-stm32.12.3.rel1.win32_1.1.0.202410251130/tools/bin/../lib/gcc/arm-none-eabi/12.3.1/../../../../arm-none-eabi/lib/thumb/v7e-m+fp/hard\libc_nano.a(libc_a-memset.o)
                              D:/STM32CubeIDE_1.17.0/STM32CubeIDE/plugins/com.st.stm32cube.ide.mcu.externaltools.gnu-tools-for-stm32.12.3.rel1.win32_1.1.0.202410251130/tools/bin/../lib/gcc/arm-none-eabi/12.3.1/../../../../arm-none-eabi/lib/thumb/v7e-m+fp/hard/crt0.o (memset)
D:/STM32CubeIDE_1.17.0/STM32CubeIDE/plugins/com.st.stm32cube.ide.mcu.externaltools.gnu-tools-for-stm32.12.3.rel1.win32_1.1.0.202410251130/tools/bin/../lib/gcc/arm-none-eabi/12.3.1/../../../../arm-none-eabi/lib/thumb/v7e-m+fp/hard\libc_nano.a(libc_a-closer.o)
                              D:/STM32CubeIDE_1.17.0/STM32CubeIDE/plugins/com.st.stm32cube.ide.mcu.externaltools.gnu-tools-for-stm32.12.3.rel1.win32_1.1.0.202410251130/tools/bin/../lib/gcc/arm-none-eabi/12.3.1/../../../../arm-none-eabi/lib/thumb/v7e-m+fp/hard\libc_nano.a(libc_a-stdio.o) (_close_r)
D:/STM32CubeIDE_1.17.0/STM32CubeIDE/plugins/com.st.stm32cube.ide.mcu.externaltools.gnu-tools-for-stm32.12.3.rel1.win32_1.1.0.202410251130/tools/bin/../lib/gcc/arm-none-eabi/12.3.1/../../../../arm-none-eabi/lib/thumb/v7e-m+fp/hard\libc_nano.a(libc_a-reent.o)
[...]
Memory Configuration

Name             Origin             Length             Attributes
RAM              0x20000000         0x00020000         xrw
FLASH            0x08000000         0x00080000         xr
*default*        0x00000000         0xffffffff

Linker script and memory map

LOAD D:/STM32CubeIDE_1.17.0/STM32CubeIDE/plugins/com.st.stm32cube.ide.mcu.externaltools.gnu-tools-for-stm32.12.3.rel1.win32_1.1.0.202410251130/tools/bin/../lib/gcc/arm-none-eabi/12.3.1/thumb/v7e-m+fp/hard/crti.o
LOAD D:/STM32CubeIDE_1.17.0/STM32CubeIDE/plugins/com.st.stm32cube.ide.mcu.externaltools.gnu-tools-for-stm32.12.3.rel1.win32_1.1.0.202410251130/tools/bin/../lib/gcc/arm-none-eabi/12.3.1/thumb/v7e-m+fp/hard/crtbegin.o
LOAD D:/STM32CubeIDE_1.17.0/STM32CubeIDE/plugins/com.st.stm32cube.ide.mcu.externaltools.gnu-tools-for-stm32.12.3.rel1.win32_1.1.0.202410251130/tools/bin/../lib/gcc/arm-none-eabi/12.3.1/../../../../arm-none-eabi/lib/thumb/v7e-m+fp/hard/crt0.o
LOAD ./Core/Src/OLED.o
LOAD ./Core/Src/adc.o
LOAD ./Core/Src/dma.o
LOAD ./Core/Src/generate.o
LOAD ./Core/Src/gpio.o
LOAD ./Core/Src/i2c.o
LOAD ./Core/Src/main.o
LOAD ./Core/Src/oscilloscope.o
LOAD ./Core/Src/stm32f4xx_hal_msp.o
LOAD ./Core/Src/stm32f4xx_it.o
LOAD ./Core/Src/syscalls.o
LOAD ./Core/Src/sysmem.o
LOAD ./Core/Src/system_stm32f4xx.o
LOAD ./Core/Src/tim.o
LOAD ./Core/Startup/startup_stm32f411ceux.o
LOAD ./Drivers/STM32F4xx_HAL_Driver/Src/stm32f4xx_hal.o
LOAD ./Drivers/STM32F4xx_HAL_Driver/Src/stm32f4xx_hal_adc.o
LOAD ./Drivers/STM32F4xx_HAL_Driver/Src/stm32f4xx_hal_adc_ex.o
LOAD ./Drivers/STM32F4xx_HAL_Driver/Src/stm32f4xx_hal_cortex.o
LOAD ./Drivers/STM32F4xx_HAL_Driver/Src/stm32f4xx_hal_dma.o
LOAD ./Drivers/STM32F4xx_HAL_Driver/Src/stm32f4xx_hal_dma_ex.o
LOAD ./Drivers/STM32F4xx_HAL_Driver/Src/stm32f4xx_hal_exti.o
LOAD ./Drivers/STM32F4xx_HAL_Driver/Src/stm32f4xx_hal_flash.o
LOAD ./Drivers/STM32F4xx_HAL_Driver/Src/stm32f4xx_hal_flash_ex.o
LOAD ./Drivers/STM32F4xx_HAL_Driver/Src/stm32f4xx_hal_flash_ramfunc.o
LOAD ./Drivers/STM32F4xx_HAL_Driver/Src/stm32f4xx_hal_gpio.o
LOAD ./Drivers/STM32F4xx_HAL_Driver/Src/stm32f4xx_hal_i2c.o
LOAD ./Drivers/STM32F4xx_HAL_Driver/Src/stm32f4xx_hal_i2c_ex.o
LOAD ./Drivers/STM32F4xx_HAL_Driver/Src/stm32f4xx_hal_pwr.o
LOAD ./Drivers/STM32F4xx_HAL_Driver/Src/stm32f4xx_hal_pwr_ex.o
LOAD ./Drivers/STM32F4xx_HAL_Driver/Src/stm32f4xx_hal_rcc.o
LOAD ./Drivers/STM32F4xx_HAL_Driver/Src/stm32f4xx_hal_rcc_ex.o
LOAD ./Drivers/STM32F4xx_HAL_Driver/Src/stm32f4xx_hal_tim.o
LOAD ./Drivers/STM32F4xx_HAL_Driver/Src/stm32f4xx_hal_tim_ex.o
LOAD ./Drivers/STM32F4xx_HAL_Driver/Src/stm32f4xx_ll_adc.o
LOAD ../mydsp/GCC\libarm_cortexM4lf_math.a
START GROUP
LOAD D:/STM32CubeIDE_1.17.0/STM32CubeIDE/plugins/com.st.stm32cube.ide.mcu.externaltools.gnu-tools-for-stm32.12.3.rel1.win32_1.1.0.202410251130/tools/bin/../lib/gcc/arm-none-eabi/12.3.1/../../../../arm-none-eabi/lib/thumb/v7e-m+fp/hard\libc_nano.a
LOAD D:/STM32CubeIDE_1.17.0/STM32CubeIDE/plugins/com.st.stm32cube.ide.mcu.externaltools.gnu-tools-for-stm32.12.3.rel1.win32_1.1.0.202410251130/tools/bin/../lib/gcc/arm-none-eabi/12.3.1/../../../../arm-none-eabi/lib/thumb/v7e-m+fp/hard\libm.a
END GROUP
START GROUP
LOAD D:/STM32CubeIDE_1.17.0/STM32CubeIDE/plugins/com.st.stm32cube.ide.mcu.externaltools.gnu-tools-for-stm32.12.3.rel1.win32_1.1.0.202410251130/tools/bin/../lib/gcc/arm-none-eabi/12.3.1/thumb/v7e-m+fp/hard\libgcc.a
LOAD D:/STM32CubeIDE_1.17.0/STM32CubeIDE/plugins/com.st.stm32cube.ide.mcu.externaltools.gnu-tools-for-stm32.12.3.rel1.win32_1.1.0.202410251130/tools/bin/../lib/gcc/arm-none-eabi/12.3.1/../../../../arm-none-eabi/lib/thumb/v7e-m+fp/hard\libc_nano.a
END GROUP
START GROUP
LOAD D:/STM32CubeIDE_1.17.0/STM32CubeIDE/plugins/com.st.stm32cube.ide.mcu.externaltools.gnu-tools-for-stm32.12.3.rel1.win32_1.1.0.202410251130/tools/bin/../lib/gcc/arm-none-eabi/12.3.1/thumb/v7e-m+fp/hard\libgcc.a
LOAD D:/STM32CubeIDE_1.17.0/STM32CubeIDE/plugins/com.st.stm32cube.ide.mcu.externaltools.gnu-tools-for-stm32.12.3.rel1.win32_1.1.0.202410251130/tools/bin/../lib/gcc/arm-none-eabi/12.3.1/../../../../arm-none-eabi/lib/thumb/v7e-m+fp/hard\libc_nano.a
LOAD D:/STM32CubeIDE_1.17.0/STM32CubeIDE/plugins/com.st.stm32cube.ide.mcu.externaltools.gnu-tools-for-stm32.12.3.rel1.win32_1.1.0.202410251130/tools/bin/../lib/gcc/arm-none-eabi/12.3.1/../../../../arm-none-eabi/lib/thumb/v7e-m+fp/hard\libnosys.a
END GROUP
START GROUP
LOAD D:/STM32CubeIDE_1.17.0/STM32CubeIDE/plugins/com.st.stm32cube.ide.mcu.externaltools.gnu-tools-for-stm32.12.3.rel1.win32_1.1.0.202410251130/tools/bin/../lib/gcc/arm-none-eabi/12.3.1/thumb/v7e-m+fp/hard\libgcc.a
LOAD D:/STM32CubeIDE_1.17.0/STM32CubeIDE/plugins/com.st.stm32cube.ide.mcu.externaltools.gnu-tools-for-stm32.12.3.rel1.win32_1.1.0.202410251130/tools/bin/../lib/gcc/arm-none-eabi/12.3.1/../../../../arm-none-eabi/lib/thumb/v7e-m+fp/hard\libc_nano.a
LOAD D:/STM32CubeIDE_1.17.0/STM32CubeIDE/plugins/com.st.stm32cube.ide.mcu.externaltools.gnu-tools-for-stm32.12.3.rel1.win32_1.1.0.202410251130/tools/bin/../lib/gcc/arm-none-eabi/12.3.1/../../../../arm-none-eabi/lib/thumb/v7e-m+fp/hard\libnosys.a
END GROUP
LOAD D:/STM32CubeIDE_1.17.0/STM32CubeIDE/plugins/com.st.stm32cube.ide.mcu.externaltools.gnu-tools-for-stm32.12.3.rel1.win32_1.1.0.202410251130/tools/bin/../lib/gcc/arm-none-eabi/12.3.1/thumb/v7e-m+fp/hard/crtend.o
LOAD D:/STM32CubeIDE_1.17.0/STM32CubeIDE/plugins/com.st.stm32cube.ide.mcu.externaltools.gnu-tools-for-stm32.12.3.rel1.win32_1.1.0.202410251130/tools/bin/../lib/gcc/arm-none-eabi/12.3.1/thumb/v7e-m+fp/hard/crtn.o
                0x20020000                        _estack = (ORIGIN (RAM) + LENGTH (RAM))
                0x00000200                        _Min_Heap_Size = 0x200
                0x00000400                        _Min_Stack_Size = 0x400

.isr_vector     0x08000000      0x198
                0x08000000                        . = ALIGN (0x4)
 *(.isr_vector)
 .isr_vector    0x08000000      0x198 ./Core/Startup/startup_stm32f411ceux.o
                0x08000000                g_pfnVectors
                0x08000198                        . = ALIGN (0x4)

.text           0x08000198     0x93f0
                0x08000198                        . = ALIGN (0x4)
 *(.text)
 .text          0x08000198       0x40 D:/STM32CubeIDE_1.17.0/STM32CubeIDE/plugins/com.st.stm32cube.ide.mcu.externaltools.gnu-tools-for-stm32.12.3.rel1.win32_1.1.0.202410251130/tools/bin/../lib/gcc/arm-none-eabi/12.3.1/thumb/v7e-m+fp/hard/crtbegin.o
 .text          0x080001d8       0xc0 ../mydsp/GCC\libarm_cortexM4lf_math.a(arm_bitreversal2.o)
                0x080001d8                arm_bitreversal_32
                0x08000242                arm_bitreversal_16
 .text          0x08000298      0x378 D:/STM32CubeIDE_1.17.0/STM32CubeIDE/plugins/com.st.stm32cube.ide.mcu.externaltools.gnu-tools-for-stm32.12.3.rel1.win32_1.1.0.202410251130/tools/bin/../lib/gcc/arm-none-eabi/12.3.1/thumb/v7e-m+fp/hard\libgcc.a(_arm_addsubdf3.o)
                0x08000298                __aeabi_drsub
                0x080002a0                __aeabi_dsub
                0x080002a0                __subdf3
                0x080002a4                __aeabi_dadd
                0x080002a4                __adddf3
                0x0800051c                __floatunsidf
                0x0800051c                __aeabi_ui2d
                0x0800053c                __floatsidf
                0x0800053c                __aeabi_i2d
                0x08000560                __aeabi_f2d
                0x08000560                __extendsfdf2
                0x080005a4                __floatundidf
                0x080005a4                __aeabi_ul2d
                0x080005b4                __floatdidf
                0x080005b4                __aeabi_l2d
 .text          0x08000610      0x424 D:/STM32CubeIDE_1.17.0/STM32CubeIDE/plugins/com.st.stm32cube.ide.mcu.externaltools.gnu-tools-for-stm32.12.3.rel1.win32_1.1.0.202410251130/tools/bin/../lib/gcc/arm-none-eabi/12.3.1/thumb/v7e-m+fp/hard\libgcc.a(_arm_muldivdf3.o)
                0x08000610                __aeabi_dmul
                0x08000610                __muldf3
                0x08000864                __divdf3
                0x08000864                __aeabi_ddiv
 .text          0x08000a34      0x110 D:/STM32CubeIDE_1.17.0/STM32CubeIDE/plugins/com.st.stm32cube.ide.mcu.externaltools.gnu-tools-for-stm32.12.3.rel1.win32_1.1.0.202410251130/tools/bin/../lib/gcc/arm-none-eabi/12.3.1/thumb/v7e-m+fp/hard\libgcc.a(_arm_cmpdf2.o)
                0x08000a34                __gtdf2
                0x08000a34                __gedf2
                0x08000a3c                __ltdf2
                0x08000a3c                __ledf2
                0x08000a44                __nedf2
                0x08000a44                __eqdf2
                0x08000a44                __cmpdf2
                0x08000ac0                __aeabi_cdrcmple
                0x08000ad0                __aeabi_cdcmpeq
                0x08000ad0                __aeabi_cdcmple
                0x08000ae0                __aeabi_dcmpeq
                0x08000af4                __aeabi_dcmplt
                0x08000b08                __aeabi_dcmple
                0x08000b1c                __aeabi_dcmpge
                0x08000b30                __aeabi_dcmpgt
 .text          0x08000b44       0x50 D:/STM32CubeIDE_1.17.0/STM32CubeIDE/plugins/com.st.stm32cube.ide.mcu.externaltools.gnu-tools-for-stm32.12.3.rel1.win32_1.1.0.202410251130/tools/bin/../lib/gcc/arm-none-eabi/12.3.1/thumb/v7e-m+fp/hard\libgcc.a(_arm_fixdfsi.o)
                0x08000b44                __aeabi_d2iz
                0x08000b44                __fixdfsi
 .text          0x08000b94       0x40 D:/STM32CubeIDE_1.17.0/STM32CubeIDE/plugins/com.st.stm32cube.ide.mcu.externaltools.gnu-tools-for-stm32.12.3.rel1.win32_1.1.0.202410251130/tools/bin/../lib/gcc/arm-none-eabi/12.3.1/thumb/v7e-m+fp/hard\libgcc.a(_arm_fixunsdfsi.o)
                0x08000b94                __aeabi_d2uiz
                0x08000b94                __fixunsdfsi
 .text          0x08000bd4       0xa0 D:/STM32CubeIDE_1.17.0/STM32CubeIDE/plugins/com.st.stm32cube.ide.mcu.externaltools.gnu-tools-for-stm32.12.3.rel1.win32_1.1.0.202410251130/tools/bin/../lib/gcc/arm-none-eabi/12.3.1/thumb/v7e-m+fp/hard\libgcc.a(_arm_truncdfsf2.o)
                0x08000bd4                __truncdfsf2
                0x08000bd4                __aeabi_d2f
 .text          0x08000c74       0x30 D:/STM32CubeIDE_1.17.0/STM32CubeIDE/plugins/com.st.stm32cube.ide.mcu.externaltools.gnu-tools-for-stm32.12.3.rel1.win32_1.1.0.202410251130/tools/bin/../lib/gcc/arm-none-eabi/12.3.1/thumb/v7e-m+fp/hard\libgcc.a(_aeabi_uldivmod.o)
                0x08000c74                __aeabi_uldivmod
 .text          0x08000ca4      0x2bc D:/STM32CubeIDE_1.17.0/STM32CubeIDE/plugins/com.st.stm32cube.ide.mcu.externaltools.gnu-tools-for-stm32.12.3.rel1.win32_1.1.0.202410251130/tools/bin/../lib/gcc/arm-none-eabi/12.3.1/thumb/v7e-m+fp/hard\libgcc.a(_udivmoddi4.o)
                0x08000ca4                __udivmoddi4
 .text          0x08000f60        0x4 D:/STM32CubeIDE_1.17.0/STM32CubeIDE/plugins/com.st.stm32cube.ide.mcu.externaltools.gnu-tools-for-stm32.12.3.rel1.win32_1.1.0.202410251130/tools/bin/../lib/gcc/arm-none-eabi/12.3.1/thumb/v7e-m+fp/hard\libgcc.a(_dvmd_tls.o)
                0x08000f60                __aeabi_idiv0
                0x08000f60                __aeabi_ldiv0
 *(.text*)
 .text.OLED_Write_Cmd
                0x08000f64       0x34 ./Core/Src/OLED.o
 .text.OLED_Write_Dat
                0x08000f98       0x34 ./Core/Src/OLED.o
 .text.OLED_Set_Pos
                0x08000fcc       0x4e ./Core/Src/OLED.o
                0x08000fcc                OLED_Set_Pos
 *fill*         0x0800101a        0x2 
 .text.OLED_Clear
                0x0800101c       0x1c ./Core/Src/OLED.o
                0x0800101c                OLED_Clear
 .text.oled_pow
                0x08001038       0x38 ./Core/Src/OLED.o
 .text.OLED_ShowChar
                0x08001070      0x138 ./Core/Src/OLED.o
                0x08001070                OLED_ShowChar
 .text.OLED_ShowString
                0x080011a8       0x80 ./Core/Src/OLED.o
                0x080011a8                OLED_ShowString
 .text.OLED_ShowNum
                0x08001228       0xd8 ./Core/Src/OLED.o
                0x08001228                OLED_ShowNum
 .text.OLED_ShowFloat
                0x08001300      0x2c8 ./Core/Src/OLED.o
                0x08001300                OLED_ShowFloat
 .text.OLED_DrawPoint
                0x080015c8       0x6c ./Core/Src/OLED.o
                0x080015c8                OLED_DrawPoint
 .text.OLED_DrawLine
                0x08001634      0x1a6 ./Core/Src/OLED.o
                0x08001634                OLED_DrawLine
 *fill*         0x080017da        0x2 
 .text.OLED_Update_Screen
                0x080017dc       0x58 ./Core/Src/OLED.o
                0x080017dc                OLED_Update_Screen
 .text.OLED_Clear_wave
                0x08001834       0x50 ./Core/Src/OLED.o
                0x08001834                OLED_Clear_wave
 .text.OLED_Clear_num_1
                0x08001884       0x44 ./Core/Src/OLED.o
                0x08001884                OLED_Clear_num_1
 .text.OLED_Clear_num_2
                0x080018c8       0x44 ./Core/Src/OLED.o
                0x080018c8                OLED_Clear_num_2
 .text.OLED_Clear_num_3
                0x0800190c       0x44 ./Core/Src/OLED.o
                0x0800190c                OLED_Clear_num_3
 .text.OLED_Clear_num_4
                0x08001950       0x44 ./Core/Src/OLED.o
                0x08001950                OLED_Clear_num_4
 .text.OLED_Init
                0x08001994       0xc4 ./Core/Src/OLED.o
                0x08001994                OLED_Init
 .text.OLED_ShowCHinese
                0x08001a58       0x90 ./Core/Src/OLED.o
                0x08001a58                OLED_ShowCHinese
 .text.OLED_Load
                0x08001ae8       0x98 ./Core/Src/OLED.o
                0x08001ae8                OLED_Load
 .text.OLED_grid
                0x08001b80      0x18c ./Core/Src/OLED.o
                0x08001b80                OLED_grid
 .text.MX_ADC1_Init
                0x08001d0c       0xa4 ./Core/Src/adc.o
                0x08001d0c                MX_ADC1_Init
 .text.HAL_ADC_MspInit
                0x08001db0       0xf0 ./Core/Src/adc.o
                0x08001db0                HAL_ADC_MspInit
 .text.MX_DMA_Init
                0x08001ea0       0x50 ./Core/Src/dma.o
                0x08001ea0                MX_DMA_Init
 .text.Generate_Sine_Wave
                0x08001ef0      0x108 ./Core/Src/generate.o
                0x08001ef0                Generate_Sine_Wave
 .text.Generate_Square_Wave
                0x08001ff8      0x114 ./Core/Src/generate.o
                0x08001ff8                Generate_Square_Wave
 *fill*         0x0800210c        0x4 
 .text.Generate_Triangle_Wave
                0x08002110      0x1bc ./Core/Src/generate.o
                0x08002110                Generate_Triangle_Wave
 *fill*         0x080022cc        0x4 
 .text.Generate_DC_Wave
                0x080022d0       0x7c ./Core/Src/generate.o
                0x080022d0                Generate_DC_Wave
 .text.Generate_init
                0x0800234c       0x32 ./Core/Src/generate.o
                0x0800234c                Generate_init
 *fill*         0x0800237e        0x2 
 .text.MX_GPIO_Init
                0x08002380       0xfc ./Core/Src/gpio.o
                0x08002380                MX_GPIO_Init
 .text.MX_I2C1_Init
                0x0800247c       0x5c ./Core/Src/i2c.o
                0x0800247c                MX_I2C1_Init
 .text.HAL_I2C_MspInit
                0x080024d8       0x90 ./Core/Src/i2c.o
                0x080024d8                HAL_I2C_MspInit
 .text.main     0x08002568      0x738 ./Core/Src/main.o
                0x08002568                main
 .text.SystemClock_Config
                0x08002ca0       0xd0 ./Core/Src/main.o
                0x08002ca0                SystemClock_Config
 .text.HAL_GPIO_EXTI_Callback
                0x08002d70       0xf8 ./Core/Src/main.o
                0x08002d70                HAL_GPIO_EXTI_Callback
 .text.HAL_ADC_ConvCpltCallback
                0x08002e68       0x40 ./Core/Src/main.o
                0x08002e68                HAL_ADC_ConvCpltCallback
 .text.Error_Handler
                0x08002ea8        0xc ./Core/Src/main.o
                0x08002ea8                Error_Handler
 .text.fftdata  0x08002eb4       0x58 ./Core/Src/oscilloscope.o
                0x08002eb4                fftdata
 *fill*         0x08002f0c        0x4 
 .text.getfrequency
                0x08002f10       0xd4 ./Core/Src/oscilloscope.o
                0x08002f10                getfrequency
 .text.get_max_min
                0x08002fe4       0x78 ./Core/Src/oscilloscope.o
                0x08002fe4                get_max_min
 *fill*         0x0800305c        0x4 
 .text.get_amplitude
                0x08003060       0x70 ./Core/Src/oscilloscope.o
                0x08003060                get_amplitude
 .text.adcvalue_change_waveform
                0x080030d0       0xe0 ./Core/Src/oscilloscope.o
                0x080030d0                adcvalue_change_waveform
 .text.get_triggervoltage_pos
                0x080031b0       0x84 ./Core/Src/oscilloscope.o
                0x080031b0                get_triggervoltage_pos
 .text.oledshow_waveform
                0x08003234       0x64 ./Core/Src/oscilloscope.o
                0x08003234                oledshow_waveform
 .text.HAL_MspInit
                0x08003298       0x50 ./Core/Src/stm32f4xx_hal_msp.o
                0x08003298                HAL_MspInit
 .text.NMI_Handler
                0x080032e8        0x8 ./Core/Src/stm32f4xx_it.o
                0x080032e8                NMI_Handler
 .text.HardFault_Handler
                0x080032f0        0x8 ./Core/Src/stm32f4xx_it.o
                0x080032f0                HardFault_Handler
 .text.MemManage_Handler
                0x080032f8        0x8 ./Core/Src/stm32f4xx_it.o
                0x080032f8                MemManage_Handler
 .text.BusFault_Handler
                0x08003300        0x8 ./Core/Src/stm32f4xx_it.o
                0x08003300                BusFault_Handler
 .text.UsageFault_Handler
                0x08003308        0x8 ./Core/Src/stm32f4xx_it.o
                0x08003308                UsageFault_Handler
 .text.SVC_Handler
                0x08003310        0xe ./Core/Src/stm32f4xx_it.o
                0x08003310                SVC_Handler
 .text.DebugMon_Handler
                0x0800331e        0xe ./Core/Src/stm32f4xx_it.o
                0x0800331e                DebugMon_Handler
 .text.PendSV_Handler
                0x0800332c        0xe ./Core/Src/stm32f4xx_it.o
                0x0800332c                PendSV_Handler
 .text.SysTick_Handler
                0x0800333a        0xc ./Core/Src/stm32f4xx_it.o
                0x0800333a                SysTick_Handler
 .text.EXTI9_5_IRQHandler
                0x08003346       0x18 ./Core/Src/stm32f4xx_it.o
                0x08003346                EXTI9_5_IRQHandler
 .text.EXTI15_10_IRQHandler
                0x0800335e       0x20 ./Core/Src/stm32f4xx_it.o
                0x0800335e                EXTI15_10_IRQHandler
 *fill*         0x0800337e        0x2 
 .text.DMA2_Stream0_IRQHandler
                0x08003380       0x14 ./Core/Src/stm32f4xx_it.o
                0x08003380                DMA2_Stream0_IRQHandler
 .text.DMA2_Stream5_IRQHandler
                0x08003394       0x14 ./Core/Src/stm32f4xx_it.o
                0x08003394                DMA2_Stream5_IRQHandler
 .text.SystemInit
                0x080033a8       0x24 ./Core/Src/system_stm32f4xx.o
                0x080033a8                SystemInit
 .text.MX_TIM1_Init
                0x080033cc       0xa0 ./Core/Src/tim.o
                0x080033cc                MX_TIM1_Init
 .text.MX_TIM2_Init
                0x0800346c       0xb0 ./Core/Src/tim.o
                0x0800346c                MX_TIM2_Init
 .text.MX_TIM3_Init
                0x0800351c       0xa8 ./Core/Src/tim.o
                0x0800351c                MX_TIM3_Init
 .text.MX_TIM4_Init
                0x080035c4       0x9c ./Core/Src/tim.o
                0x080035c4                MX_TIM4_Init
 .text.HAL_TIM_Base_MspInit
                0x08003660       0xd8 ./Core/Src/tim.o
                0x08003660                HAL_TIM_Base_MspInit
 .text.HAL_TIM_PWM_MspInit
                0x08003738       0x40 ./Core/Src/tim.o
                0x08003738                HAL_TIM_PWM_MspInit
 .text.HAL_TIM_Encoder_MspInit
                0x08003778       0x90 ./Core/Src/tim.o
                0x08003778                HAL_TIM_Encoder_MspInit
 .text.HAL_TIM_MspPostInit
                0x08003808       0x70 ./Core/Src/tim.o
                0x08003808                HAL_TIM_MspPostInit
 .text.Reset_Handler
                0x08003878       0x50 ./Core/Startup/startup_stm32f411ceux.o
                0x08003878                Reset_Handler
 .text.Default_Handler
                0x080038c8        0x2 ./Core/Startup/startup_stm32f411ceux.o
                0x080038c8                RTC_Alarm_IRQHandler
                0x080038c8                EXTI2_IRQHandler
                0x080038c8                SPI4_IRQHandler
                0x080038c8                TIM1_CC_IRQHandler
                0x080038c8                DMA1_Stream5_IRQHandler
                0x080038c8                PVD_IRQHandler
                0x080038c8                SDIO_IRQHandler
                0x080038c8                TAMP_STAMP_IRQHandler
                0x080038c8                EXTI3_IRQHandler
                0x080038c8                TIM1_UP_TIM10_IRQHandler
                0x080038c8                I2C3_ER_IRQHandler
                0x080038c8                EXTI0_IRQHandler
                0x080038c8                I2C2_EV_IRQHandler
                0x080038c8                DMA1_Stream2_IRQHandler
                0x080038c8                FPU_IRQHandler
                0x080038c8                DMA2_Stream2_IRQHandler
                0x080038c8                SPI1_IRQHandler
                0x080038c8                TIM1_BRK_TIM9_IRQHandler
                0x080038c8                DMA2_Stream3_IRQHandler
                0x080038c8                USART6_IRQHandler
                0x080038c8                TIM4_IRQHandler
                0x080038c8                I2C1_EV_IRQHandler
                0x080038c8                DMA1_Stream6_IRQHandler
                0x080038c8                DMA1_Stream1_IRQHandler
                0x080038c8                TIM3_IRQHandler
                0x080038c8                RCC_IRQHandler
                0x080038c8                Default_Handler
                0x080038c8                ADC_IRQHandler
                0x080038c8                DMA1_Stream7_IRQHandler
                0x080038c8                SPI5_IRQHandler
                0x080038c8                TIM5_IRQHandler
                0x080038c8                DMA2_Stream7_IRQHandler
                0x080038c8                I2C3_EV_IRQHandler
                0x080038c8                RTC_WKUP_IRQHandler
                0x080038c8                SPI2_IRQHandler
                0x080038c8                DMA1_Stream0_IRQHandler
                0x080038c8                EXTI4_IRQHandler
                0x080038c8                WWDG_IRQHandler
                0x080038c8                TIM2_IRQHandler
                0x080038c8                OTG_FS_WKUP_IRQHandler
                0x080038c8                TIM1_TRG_COM_TIM11_IRQHandler
                0x080038c8                EXTI1_IRQHandler
                0x080038c8                USART2_IRQHandler
                0x080038c8                I2C2_ER_IRQHandler
                0x080038c8                DMA2_Stream1_IRQHandler
                0x080038c8                FLASH_IRQHandler
                0x080038c8                DMA2_Stream4_IRQHandler
                0x080038c8                USART1_IRQHandler
                0x080038c8                OTG_FS_IRQHandler
                0x080038c8                SPI3_IRQHandler
                0x080038c8                DMA1_Stream4_IRQHandler
                0x080038c8                I2C1_ER_IRQHandler
                0x080038c8                DMA2_Stream6_IRQHandler
                0x080038c8                DMA1_Stream3_IRQHandler
 *fill*         0x080038ca        0x2 
 .text.HAL_Init
                0x080038cc       0x44 ./Drivers/STM32F4xx_HAL_Driver/Src/stm32f4xx_hal.o
                0x080038cc                HAL_Init
 .text.HAL_InitTick
                0x08003910       0x60 ./Drivers/STM32F4xx_HAL_Driver/Src/stm32f4xx_hal.o
                0x08003910                HAL_InitTick
 .text.HAL_IncTick
                0x08003970       0x28 ./Drivers/STM32F4xx_HAL_Driver/Src/stm32f4xx_hal.o
                0x08003970                HAL_IncTick
 .text.HAL_GetTick
                0x08003998       0x18 ./Drivers/STM32F4xx_HAL_Driver/Src/stm32f4xx_hal.o
                0x08003998                HAL_GetTick
 .text.HAL_Delay
                0x080039b0       0x48 ./Drivers/STM32F4xx_HAL_Driver/Src/stm32f4xx_hal.o
                0x080039b0                HAL_Delay
 .text.HAL_ADC_Init
                0x080039f8       0x86 ./Drivers/STM32F4xx_HAL_Driver/Src/stm32f4xx_hal_adc.o
                0x080039f8                HAL_ADC_Init
 *fill*         0x08003a7e        0x2 
 .text.HAL_ADC_Start_DMA
                0x08003a80      0x1e0 ./Drivers/STM32F4xx_HAL_Driver/Src/stm32f4xx_hal_adc.o
                0x08003a80                HAL_ADC_Start_DMA
 .text.HAL_ADC_GetValue
                0x08003c60       0x1a ./Drivers/STM32F4xx_HAL_Driver/Src/stm32f4xx_hal_adc.o
                0x08003c60                HAL_ADC_GetValue
 .text.HAL_ADC_ConvHalfCpltCallback
                0x08003c7a       0x14 ./Drivers/STM32F4xx_HAL_Driver/Src/stm32f4xx_hal_adc.o
                0x08003c7a                HAL_ADC_ConvHalfCpltCallback
 .text.HAL_ADC_ErrorCallback
                0x08003c8e       0x14 ./Drivers/STM32F4xx_HAL_Driver/Src/stm32f4xx_hal_adc.o
                0x08003c8e                HAL_ADC_ErrorCallback
 *fill*         0x08003ca2        0x2 
 .text.HAL_ADC_ConfigChannel
                0x08003ca4      0x264 ./Drivers/STM32F4xx_HAL_Driver/Src/stm32f4xx_hal_adc.o
                0x08003ca4                HAL_ADC_ConfigChannel
 .text.ADC_Init
                0x08003f08      0x1f8 ./Drivers/STM32F4xx_HAL_Driver/Src/stm32f4xx_hal_adc.o
 .text.ADC_DMAConvCplt
                0x08004100       0xba ./Drivers/STM32F4xx_HAL_Driver/Src/stm32f4xx_hal_adc.o
 .text.ADC_DMAHalfConvCplt
                0x080041ba       0x1c ./Drivers/STM32F4xx_HAL_Driver/Src/stm32f4xx_hal_adc.o
 .text.ADC_DMAError
                0x080041d6       0x2e ./Drivers/STM32F4xx_HAL_Driver/Src/stm32f4xx_hal_adc.o
 .text.__NVIC_SetPriorityGrouping
                0x08004204       0x48 ./Drivers/STM32F4xx_HAL_Driver/Src/stm32f4xx_hal_cortex.o
 .text.__NVIC_GetPriorityGrouping
                0x0800424c       0x1c ./Drivers/STM32F4xx_HAL_Driver/Src/stm32f4xx_hal_cortex.o
 .text.__NVIC_EnableIRQ
                0x08004268       0x3c ./Drivers/STM32F4xx_HAL_Driver/Src/stm32f4xx_hal_cortex.o
 .text.__NVIC_SetPriority
                0x080042a4       0x54 ./Drivers/STM32F4xx_HAL_Driver/Src/stm32f4xx_hal_cortex.o
 .text.NVIC_EncodePriority
                0x080042f8       0x66 ./Drivers/STM32F4xx_HAL_Driver/Src/stm32f4xx_hal_cortex.o
 *fill*         0x0800435e        0x2 
 .text.SysTick_Config
                0x08004360       0x44 ./Drivers/STM32F4xx_HAL_Driver/Src/stm32f4xx_hal_cortex.o
 .text.HAL_NVIC_SetPriorityGrouping
                0x080043a4       0x16 ./Drivers/STM32F4xx_HAL_Driver/Src/stm32f4xx_hal_cortex.o
                0x080043a4                HAL_NVIC_SetPriorityGrouping
 .text.HAL_NVIC_SetPriority
                0x080043ba       0x38 ./Drivers/STM32F4xx_HAL_Driver/Src/stm32f4xx_hal_cortex.o
                0x080043ba                HAL_NVIC_SetPriority
 .text.HAL_NVIC_EnableIRQ
                0x080043f2       0x1c ./Drivers/STM32F4xx_HAL_Driver/Src/stm32f4xx_hal_cortex.o
                0x080043f2                HAL_NVIC_EnableIRQ
 .text.HAL_SYSTICK_Config
                0x0800440e       0x18 ./Drivers/STM32F4xx_HAL_Driver/Src/stm32f4xx_hal_cortex.o
                0x0800440e                HAL_SYSTICK_Config
 *fill*         0x08004426        0x2 
 .text.HAL_DMA_Init
                0x08004428      0x15c ./Drivers/STM32F4xx_HAL_Driver/Src/stm32f4xx_hal_dma.o
                0x08004428                HAL_DMA_Init
 .text.HAL_DMA_Start
                0x08004584       0x76 ./Drivers/STM32F4xx_HAL_Driver/Src/stm32f4xx_hal_dma.o
                0x08004584                HAL_DMA_Start
 .text.HAL_DMA_Start_IT
                0x080045fa       0xb0 ./Drivers/STM32F4xx_HAL_Driver/Src/stm32f4xx_hal_dma.o
                0x080045fa                HAL_DMA_Start_IT
 .text.HAL_DMA_Abort
                0x080046aa       0xe0 ./Drivers/STM32F4xx_HAL_Driver/Src/stm32f4xx_hal_dma.o
                0x080046aa                HAL_DMA_Abort
 *fill*         0x0800478a        0x2 
 .text.HAL_DMA_IRQHandler
                0x0800478c      0x314 ./Drivers/STM32F4xx_HAL_Driver/Src/stm32f4xx_hal_dma.o
                0x0800478c                HAL_DMA_IRQHandler
 .text.DMA_SetConfig
                0x08004aa0       0x5c ./Drivers/STM32F4xx_HAL_Driver/Src/stm32f4xx_hal_dma.o
 .text.DMA_CalcBaseAndBitshift
                0x08004afc       0x6c ./Drivers/STM32F4xx_HAL_Driver/Src/stm32f4xx_hal_dma.o
 .text.DMA_CheckFifoParam
                0x08004b68       0xf8 ./Drivers/STM32F4xx_HAL_Driver/Src/stm32f4xx_hal_dma.o
 .text.HAL_GPIO_Init
                0x08004c60      0x308 ./Drivers/STM32F4xx_HAL_Driver/Src/stm32f4xx_hal_gpio.o
                0x08004c60                HAL_GPIO_Init
 .text.HAL_GPIO_WritePin
                0x08004f68       0x32 ./Drivers/STM32F4xx_HAL_Driver/Src/stm32f4xx_hal_gpio.o
                0x08004f68                HAL_GPIO_WritePin
 *fill*         0x08004f9a        0x2 
 .text.HAL_GPIO_EXTI_IRQHandler
                0x08004f9c       0x30 ./Drivers/STM32F4xx_HAL_Driver/Src/stm32f4xx_hal_gpio.o
                0x08004f9c                HAL_GPIO_EXTI_IRQHandler
 .text.HAL_I2C_Init
                0x08004fcc      0x288 ./Drivers/STM32F4xx_HAL_Driver/Src/stm32f4xx_hal_i2c.o
                0x08004fcc                HAL_I2C_Init
 .text.HAL_I2C_Master_Transmit
                0x08005254      0x1fc ./Drivers/STM32F4xx_HAL_Driver/Src/stm32f4xx_hal_i2c.o
                0x08005254                HAL_I2C_Master_Transmit
 .text.I2C_MasterRequestWrite
                0x08005450      0x104 ./Drivers/STM32F4xx_HAL_Driver/Src/stm32f4xx_hal_i2c.o
 .text.I2C_WaitOnFlagUntilTimeout
                0x08005554       0xf4 ./Drivers/STM32F4xx_HAL_Driver/Src/stm32f4xx_hal_i2c.o
 .text.I2C_WaitOnMasterAddressFlagUntilTimeout
                0x08005648      0x140 ./Drivers/STM32F4xx_HAL_Driver/Src/stm32f4xx_hal_i2c.o
 .text.I2C_WaitOnTXEFlagUntilTimeout
                0x08005788       0x90 ./Drivers/STM32F4xx_HAL_Driver/Src/stm32f4xx_hal_i2c.o
 .text.I2C_WaitOnBTFFlagUntilTimeout
                0x08005818       0x90 ./Drivers/STM32F4xx_HAL_Driver/Src/stm32f4xx_hal_i2c.o
 .text.I2C_IsAcknowledgeFailed
                0x080058a8       0x5e ./Drivers/STM32F4xx_HAL_Driver/Src/stm32f4xx_hal_i2c.o
 *fill*         0x08005906        0x2 
 .text.HAL_RCC_OscConfig
                0x08005908      0x4f0 ./Drivers/STM32F4xx_HAL_Driver/Src/stm32f4xx_hal_rcc.o
                0x08005908                HAL_RCC_OscConfig
 .text.HAL_RCC_ClockConfig
                0x08005df8      0x1cc ./Drivers/STM32F4xx_HAL_Driver/Src/stm32f4xx_hal_rcc.o
                0x08005df8                HAL_RCC_ClockConfig
 .text.HAL_RCC_GetSysClockFreq
                0x08005fc4      0x18c ./Drivers/STM32F4xx_HAL_Driver/Src/stm32f4xx_hal_rcc.o
                0x08005fc4                HAL_RCC_GetSysClockFreq
 .text.HAL_RCC_GetHCLKFreq
                0x08006150       0x18 ./Drivers/STM32F4xx_HAL_Driver/Src/stm32f4xx_hal_rcc.o
                0x08006150                HAL_RCC_GetHCLKFreq
 .text.HAL_RCC_GetPCLK1Freq
                0x08006168       0x28 ./Drivers/STM32F4xx_HAL_Driver/Src/stm32f4xx_hal_rcc.o
                0x08006168                HAL_RCC_GetPCLK1Freq
 .text.HAL_TIM_Base_Init
                0x08006190       0x9e ./Drivers/STM32F4xx_HAL_Driver/Src/stm32f4xx_hal_tim.o
                0x08006190                HAL_TIM_Base_Init
 *fill*         0x0800622e        0x2 
 .text.HAL_TIM_Base_Start
                0x08006230       0xb4 ./Drivers/STM32F4xx_HAL_Driver/Src/stm32f4xx_hal_tim.o
                0x08006230                HAL_TIM_Base_Start
 .text.HAL_TIM_Base_Stop
                0x080062e4       0x4e ./Drivers/STM32F4xx_HAL_Driver/Src/stm32f4xx_hal_tim.o
                0x080062e4                HAL_TIM_Base_Stop
 .text.HAL_TIM_PWM_Init
                0x08006332       0x9e ./Drivers/STM32F4xx_HAL_Driver/Src/stm32f4xx_hal_tim.o
                0x08006332                HAL_TIM_PWM_Init
 .text.HAL_TIM_PWM_Start
                0x080063d0      0x160 ./Drivers/STM32F4xx_HAL_Driver/Src/stm32f4xx_hal_tim.o
                0x080063d0                HAL_TIM_PWM_Start
 .text.HAL_TIM_PWM_Stop
                0x08006530       0xc8 ./Drivers/STM32F4xx_HAL_Driver/Src/stm32f4xx_hal_tim.o
                0x08006530                HAL_TIM_PWM_Stop
 .text.HAL_TIM_Encoder_Init
                0x080065f8      0x14c ./Drivers/STM32F4xx_HAL_Driver/Src/stm32f4xx_hal_tim.o
                0x080065f8                HAL_TIM_Encoder_Init
 .text.HAL_TIM_Encoder_Start
                0x08006744      0x11c ./Drivers/STM32F4xx_HAL_Driver/Src/stm32f4xx_hal_tim.o
                0x08006744                HAL_TIM_Encoder_Start
 .text.HAL_TIM_PWM_ConfigChannel
                0x08006860      0x184 ./Drivers/STM32F4xx_HAL_Driver/Src/stm32f4xx_hal_tim.o
                0x08006860                HAL_TIM_PWM_ConfigChannel
 .text.HAL_TIM_ConfigClockSource
                0x080069e4      0x18e ./Drivers/STM32F4xx_HAL_Driver/Src/stm32f4xx_hal_tim.o
                0x080069e4                HAL_TIM_ConfigClockSource
 *fill*         0x08006b72        0x2 
 .text.TIM_Base_SetConfig
                0x08006b74      0x118 ./Drivers/STM32F4xx_HAL_Driver/Src/stm32f4xx_hal_tim.o
                0x08006b74                TIM_Base_SetConfig
 .text.TIM_OC1_SetConfig
                0x08006c8c       0xcc ./Drivers/STM32F4xx_HAL_Driver/Src/stm32f4xx_hal_tim.o
 .text.TIM_OC2_SetConfig
                0x08006d58       0xd8 ./Drivers/STM32F4xx_HAL_Driver/Src/stm32f4xx_hal_tim.o
                0x08006d58                TIM_OC2_SetConfig
 .text.TIM_OC3_SetConfig
                0x08006e30       0xd4 ./Drivers/STM32F4xx_HAL_Driver/Src/stm32f4xx_hal_tim.o
 .text.TIM_OC4_SetConfig
                0x08006f04       0xa0 ./Drivers/STM32F4xx_HAL_Driver/Src/stm32f4xx_hal_tim.o
 .text.TIM_TI1_ConfigInputStage
                0x08006fa4       0x5e ./Drivers/STM32F4xx_HAL_Driver/Src/stm32f4xx_hal_tim.o
 .text.TIM_TI2_ConfigInputStage
                0x08007002       0x60 ./Drivers/STM32F4xx_HAL_Driver/Src/stm32f4xx_hal_tim.o
 .text.TIM_ITRx_SetConfig
                0x08007062       0x36 ./Drivers/STM32F4xx_HAL_Driver/Src/stm32f4xx_hal_tim.o
 .text.TIM_ETR_SetConfig
                0x08007098       0x40 ./Drivers/STM32F4xx_HAL_Driver/Src/stm32f4xx_hal_tim.o
                0x08007098                TIM_ETR_SetConfig
 .text.TIM_CCxChannelCmd
                0x080070d8       0x4a ./Drivers/STM32F4xx_HAL_Driver/Src/stm32f4xx_hal_tim.o
                0x080070d8                TIM_CCxChannelCmd
 *fill*         0x08007122        0x2 
 .text.HAL_TIMEx_MasterConfigSynchronization
                0x08007124       0xdc ./Drivers/STM32F4xx_HAL_Driver/Src/stm32f4xx_hal_tim_ex.o
                0x08007124                HAL_TIMEx_MasterConfigSynchronization
 .text.arm_max_f32
                0x08007200       0xd0 ../mydsp/GCC\libarm_cortexM4lf_math.a(arm_max_f32.o)
                0x08007200                arm_max_f32
 .text.arm_rfft_fast_init_f32
                0x080072d0      0x104 ../mydsp/GCC\libarm_cortexM4lf_math.a(arm_rfft_fast_init_f32.o)
                0x080072d0                arm_rfft_fast_init_f32
 .text.arm_rfft_fast_f32
                0x080073d4      0x188 ../mydsp/GCC\libarm_cortexM4lf_math.a(arm_rfft_fast_f32.o)
                0x080073d4                arm_rfft_fast_f32
 .text.arm_cfft_radix8by2_f32
                0x0800755c      0x1a0 ../mydsp/GCC\libarm_cortexM4lf_math.a(arm_cfft_f32.o)
                0x0800755c                arm_cfft_radix8by2_f32
 .text.arm_cfft_radix8by4_f32
                0x080076fc      0x4bc ../mydsp/GCC\libarm_cortexM4lf_math.a(arm_cfft_f32.o)
                0x080076fc                arm_cfft_radix8by4_f32
 .text.arm_cfft_f32
                0x08007bb8       0xf4 ../mydsp/GCC\libarm_cortexM4lf_math.a(arm_cfft_f32.o)
                0x08007bb8                arm_cfft_f32
 .text.arm_cmplx_mag_f32
                0x08007cac      0x1d0 ../mydsp/GCC\libarm_cortexM4lf_math.a(arm_cmplx_mag_f32.o)
                0x08007cac                arm_cmplx_mag_f32
 .text.arm_radix8_butterfly_f32
                0x08007e7c      0x5e4 ../mydsp/GCC\libarm_cortexM4lf_math.a(arm_cfft_radix8_f32.o)
                0x08007e7c                arm_radix8_butterfly_f32
 .text.memset   0x08008460       0x10 D:/STM32CubeIDE_1.17.0/STM32CubeIDE/plugins/com.st.stm32cube.ide.mcu.externaltools.gnu-tools-for-stm32.12.3.rel1.win32_1.1.0.202410251130/tools/bin/../lib/gcc/arm-none-eabi/12.3.1/../../../../arm-none-eabi/lib/thumb/v7e-m+fp/hard\libc_nano.a(libc_a-memset.o)
                0x08008460                memset
 .text.__errno  0x08008470        0xc D:/STM32CubeIDE_1.17.0/STM32CubeIDE/plugins/com.st.stm32cube.ide.mcu.externaltools.gnu-tools-for-stm32.12.3.rel1.win32_1.1.0.202410251130/tools/bin/../lib/gcc/arm-none-eabi/12.3.1/../../../../arm-none-eabi/lib/thumb/v7e-m+fp/hard\libc_nano.a(libc_a-errno.o)
                0x08008470                __errno
 .text.__libc_init_array
                0x0800847c       0x48 D:/STM32CubeIDE_1.17.0/STM32CubeIDE/plugins/com.st.stm32cube.ide.mcu.externaltools.gnu-tools-for-stm32.12.3.rel1.win32_1.1.0.202410251130/tools/bin/../lib/gcc/arm-none-eabi/12.3.1/../../../../arm-none-eabi/lib/thumb/v7e-m+fp/hard\libc_nano.a(libc_a-init.o)
                0x0800847c                __libc_init_array
 *fill*         0x080084c4        0x4 
 .text.sin      0x080084c8       0xa8 D:/STM32CubeIDE_1.17.0/STM32CubeIDE/plugins/com.st.stm32cube.ide.mcu.externaltools.gnu-tools-for-stm32.12.3.rel1.win32_1.1.0.202410251130/tools/bin/../lib/gcc/arm-none-eabi/12.3.1/../../../../arm-none-eabi/lib/thumb/v7e-m+fp/hard\libm.a(libm_a-s_sin.o)
                0x080084c8                sin
 .text.sqrtf    0x08008570       0x3c D:/STM32CubeIDE_1.17.0/STM32CubeIDE/plugins/com.st.stm32cube.ide.mcu.externaltools.gnu-tools-for-stm32.12.3.rel1.win32_1.1.0.202410251130/tools/bin/../lib/gcc/arm-none-eabi/12.3.1/../../../../arm-none-eabi/lib/thumb/v7e-m+fp/hard\libm.a(libm_a-wf_sqrt.o)
                0x08008570                sqrtf
 .text.__ieee754_sqrtf
                0x080085ac        0x6 D:/STM32CubeIDE_1.17.0/STM32CubeIDE/plugins/com.st.stm32cube.ide.mcu.externaltools.gnu-tools-for-stm32.12.3.rel1.win32_1.1.0.202410251130/tools/bin/../lib/gcc/arm-none-eabi/12.3.1/../../../../arm-none-eabi/lib/thumb/v7e-m+fp/hard\libm.a(libm_a-ef_sqrt.o)
                0x080085ac                __ieee754_sqrtf
 *fill*         0x080085b2        0x6 
 .text.__kernel_cos
                0x080085b8      0x18c D:/STM32CubeIDE_1.17.0/STM32CubeIDE/plugins/com.st.stm32cube.ide.mcu.externaltools.gnu-tools-for-stm32.12.3.rel1.win32_1.1.0.202410251130/tools/bin/../lib/gcc/arm-none-eabi/12.3.1/../../../../arm-none-eabi/lib/thumb/v7e-m+fp/hard\libm.a(libm_a-k_cos.o)
                0x080085b8                __kernel_cos
 *fill*         0x08008744        0x4 
 .text.__kernel_sin
                0x08008748      0x174 D:/STM32CubeIDE_1.17.0/STM32CubeIDE/plugins/com.st.stm32cube.ide.mcu.externaltools.gnu-tools-for-stm32.12.3.rel1.win32_1.1.0.202410251130/tools/bin/../lib/gcc/arm-none-eabi/12.3.1/../../../../arm-none-eabi/lib/thumb/v7e-m+fp/hard\libm.a(libm_a-k_sin.o)
                0x08008748                __kernel_sin
 *fill*         0x080088bc        0x4 
 .text.__ieee754_rem_pio2
                0x080088c0      0x3f8 D:/STM32CubeIDE_1.17.0/STM32CubeIDE/plugins/com.st.stm32cube.ide.mcu.externaltools.gnu-tools-for-stm32.12.3.rel1.win32_1.1.0.202410251130/tools/bin/../lib/gcc/arm-none-eabi/12.3.1/../../../../arm-none-eabi/lib/thumb/v7e-m+fp/hard\libm.a(libm_a-e_rem_pio2.o)
                0x080088c0                __ieee754_rem_pio2
 .text.fabs     0x08008cb8       0x10 D:/STM32CubeIDE_1.17.0/STM32CubeIDE/plugins/com.st.stm32cube.ide.mcu.externaltools.gnu-tools-for-stm32.12.3.rel1.win32_1.1.0.202410251130/tools/bin/../lib/gcc/arm-none-eabi/12.3.1/../../../../arm-none-eabi/lib/thumb/v7e-m+fp/hard\libm.a(libm_a-s_fabs.o)
                0x08008cb8                fabs
 .text.__kernel_rem_pio2
                0x08008cc8      0x6b0 D:/STM32CubeIDE_1.17.0/STM32CubeIDE/plugins/com.st.stm32cube.ide.mcu.externaltools.gnu-tools-for-stm32.12.3.rel1.win32_1.1.0.202410251130/tools/bin/../lib/gcc/arm-none-eabi/12.3.1/../../../../arm-none-eabi/lib/thumb/v7e-m+fp/hard\libm.a(libm_a-k_rem_pio2.o)
                0x08008cc8                __kernel_rem_pio2
 .text.scalbn   0x08009378       0xfc D:/STM32CubeIDE_1.17.0/STM32CubeIDE/plugins/com.st.stm32cube.ide.mcu.externaltools.gnu-tools-for-stm32.12.3.rel1.win32_1.1.0.202410251130/tools/bin/../lib/gcc/arm-none-eabi/12.3.1/../../../../arm-none-eabi/lib/thumb/v7e-m+fp/hard\libm.a(libm_a-s_scalbn.o)
                0x08009378                scalbn
 *fill*         0x08009474        0x4 
 .text.floor    0x08009478       0xf8 D:/STM32CubeIDE_1.17.0/STM32CubeIDE/plugins/com.st.stm32cube.ide.mcu.externaltools.gnu-tools-for-stm32.12.3.rel1.win32_1.1.0.202410251130/tools/bin/../lib/gcc/arm-none-eabi/12.3.1/../../../../arm-none-eabi/lib/thumb/v7e-m+fp/hard\libm.a(libm_a-s_floor.o)
                0x08009478                floor
 *(.glue_7)
 .glue_7        0x08009570        0x0 linker stubs
 *(.glue_7t)
 .glue_7t       0x08009570        0x0 linker stubs
 *(.eh_frame)
 .eh_frame      0x08009570        0x0 D:/STM32CubeIDE_1.17.0/STM32CubeIDE/plugins/com.st.stm32cube.ide.mcu.externaltools.gnu-tools-for-stm32.12.3.rel1.win32_1.1.0.202410251130/tools/bin/../lib/gcc/arm-none-eabi/12.3.1/thumb/v7e-m+fp/hard/crtbegin.o
 *(.init)
 .init          0x08009570        0x4 D:/STM32CubeIDE_1.17.0/STM32CubeIDE/plugins/com.st.stm32cube.ide.mcu.externaltools.gnu-tools-for-stm32.12.3.rel1.win32_1.1.0.202410251130/tools/bin/../lib/gcc/arm-none-eabi/12.3.1/thumb/v7e-m+fp/hard/crti.o
                0x08009570                _init
 .init          0x08009574        0x8 D:/STM32CubeIDE_1.17.0/STM32CubeIDE/plugins/com.st.stm32cube.ide.mcu.externaltools.gnu-tools-for-stm32.12.3.rel1.win32_1.1.0.202410251130/tools/bin/../lib/gcc/arm-none-eabi/12.3.1/thumb/v7e-m+fp/hard/crtn.o
 *(.fini)
 .fini          0x0800957c        0x4 D:/STM32CubeIDE_1.17.0/STM32CubeIDE/plugins/com.st.stm32cube.ide.mcu.externaltools.gnu-tools-for-stm32.12.3.rel1.win32_1.1.0.202410251130/tools/bin/../lib/gcc/arm-none-eabi/12.3.1/thumb/v7e-m+fp/hard/crti.o
                0x0800957c                _fini
 .fini          0x08009580        0x8 D:/STM32CubeIDE_1.17.0/STM32CubeIDE/plugins/com.st.stm32cube.ide.mcu.externaltools.gnu-tools-for-stm32.12.3.rel1.win32_1.1.0.202410251130/tools/bin/../lib/gcc/arm-none-eabi/12.3.1/thumb/v7e-m+fp/hard/crtn.o
                0x08009588                        . = ALIGN (0x4)
                0x08009588                        _etext = .

.vfp11_veneer   0x08009588        0x0
 .vfp11_veneer  0x08009588        0x0 linker stubs

.v4_bx          0x08009588        0x0
 .v4_bx         0x08009588        0x0 linker stubs

.iplt           0x08009588        0x0
 .iplt          0x08009588        0x0 D:/STM32CubeIDE_1.17.0/STM32CubeIDE/plugins/com.st.stm32cube.ide.mcu.externaltools.gnu-tools-for-stm32.12.3.rel1.win32_1.1.0.202410251130/tools/bin/../lib/gcc/arm-none-eabi/12.3.1/thumb/v7e-m+fp/hard/crtbegin.o

.rodata         0x08009588    0x13eb8
                0x08009588                        . = ALIGN (0x4)
 *(.rodata)
 .rodata        0x08009588       0x11 ./Core/Src/OLED.o
 *fill*         0x08009599        0x3 
 .rodata        0x0800959c       0x38 ./Core/Src/main.o
 *(.rodata*)
 .rodata.F6x8   0x080095d4      0x228 ./Core/Src/OLED.o
                0x080095d4                F6x8
 .rodata.F8X16  0x080097fc      0x5f0 ./Core/Src/OLED.o
                0x080097fc                F8X16
 .rodata.AHBPrescTable
                0x08009dec       0x10 ./Core/Src/system_stm32f4xx.o
                0x08009dec                AHBPrescTable
 .rodata.APBPrescTable
                0x08009dfc        0x8 ./Core/Src/system_stm32f4xx.o
                0x08009dfc                APBPrescTable
 .rodata.flagBitshiftOffset.0
                0x08009e04        0x8 ./Drivers/STM32F4xx_HAL_Driver/Src/stm32f4xx_hal_dma.o
 .rodata.twiddleCoef_2048
                0x08009e0c     0x4000 ../mydsp/GCC\libarm_cortexM4lf_math.a(arm_common_tables.o)
                0x08009e0c                twiddleCoef_2048
 .rodata.twiddleCoef_rfft_64
                0x0800de0c      0x100 ../mydsp/GCC\libarm_cortexM4lf_math.a(arm_common_tables.o)
                0x0800de0c                twiddleCoef_rfft_64
 .rodata.armBitRevIndexTable64
                0x0800df0c       0x70 ../mydsp/GCC\libarm_cortexM4lf_math.a(arm_common_tables.o)
                0x0800df0c                armBitRevIndexTable64
 .rodata.twiddleCoef_rfft_2048
                0x0800df7c     0x2000 ../mydsp/GCC\libarm_cortexM4lf_math.a(arm_common_tables.o)
                0x0800df7c                twiddleCoef_rfft_2048
 .rodata.twiddleCoef_rfft_4096
                0x0800ff7c     0x4000 ../mydsp/GCC\libarm_cortexM4lf_math.a(arm_common_tables.o)
                0x0800ff7c                twiddleCoef_rfft_4096
 .rodata.twiddleCoef_256
                0x08013f7c      0x800 ../mydsp/GCC\libarm_cortexM4lf_math.a(arm_common_tables.o)
                0x08013f7c                twiddleCoef_256
 .rodata.twiddleCoef_16
                0x0801477c       0x80 ../mydsp/GCC\libarm_cortexM4lf_math.a(arm_common_tables.o)
                0x0801477c                twiddleCoef_16
 .rodata.twiddleCoef_1024
                0x080147fc     0x2000 ../mydsp/GCC\libarm_cortexM4lf_math.a(arm_common_tables.o)
                0x080147fc                twiddleCoef_1024
 .rodata.twiddleCoef_32
                0x080167fc      0x100 ../mydsp/GCC\libarm_cortexM4lf_math.a(arm_common_tables.o)
                0x080167fc                twiddleCoef_32
 .rodata.armBitRevIndexTable1024
                0x080168fc      0xe10 ../mydsp/GCC\libarm_cortexM4lf_math.a(arm_common_tables.o)
                0x080168fc                armBitRevIndexTable1024
 .rodata.armBitRevIndexTable16
                0x0801770c       0x28 ../mydsp/GCC\libarm_cortexM4lf_math.a(arm_common_tables.o)
                0x0801770c                armBitRevIndexTable16
 .rodata.twiddleCoef_rfft_32
                0x08017734       0x80 ../mydsp/GCC\libarm_cortexM4lf_math.a(arm_common_tables.o)
                0x08017734                twiddleCoef_rfft_32
 .rodata.armBitRevIndexTable32
                0x080177b4       0x60 ../mydsp/GCC\libarm_cortexM4lf_math.a(arm_common_tables.o)
                0x080177b4                armBitRevIndexTable32
 .rodata.twiddleCoef_128
                0x08017814      0x400 ../mydsp/GCC\libarm_cortexM4lf_math.a(arm_common_tables.o)
                0x08017814                twiddleCoef_128
 .rodata.twiddleCoef_512
                0x08017c14     0x1000 ../mydsp/GCC\libarm_cortexM4lf_math.a(arm_common_tables.o)
                0x08017c14                twiddleCoef_512
 .rodata.armBitRevIndexTable2048
                0x08018c14     0x1dc0 ../mydsp/GCC\libarm_cortexM4lf_math.a(arm_common_tables.o)
                0x08018c14                armBitRevIndexTable2048
 .rodata.twiddleCoef_64
                0x0801a9d4      0x200 ../mydsp/GCC\libarm_cortexM4lf_math.a(arm_common_tables.o)
                0x0801a9d4                twiddleCoef_64
 .rodata.twiddleCoef_rfft_512
                0x0801abd4      0x800 ../mydsp/GCC\libarm_cortexM4lf_math.a(arm_common_tables.o)
                0x0801abd4                twiddleCoef_rfft_512
 .rodata.armBitRevIndexTable512
                0x0801b3d4      0x380 ../mydsp/GCC\libarm_cortexM4lf_math.a(arm_common_tables.o)
                0x0801b3d4                armBitRevIndexTable512
 .rodata.twiddleCoef_rfft_1024
                0x0801b754     0x1000 ../mydsp/GCC\libarm_cortexM4lf_math.a(arm_common_tables.o)
                0x0801b754                twiddleCoef_rfft_1024
 .rodata.twiddleCoef_rfft_256
                0x0801c754      0x400 ../mydsp/GCC\libarm_cortexM4lf_math.a(arm_common_tables.o)
                0x0801c754                twiddleCoef_rfft_256
 .rodata.armBitRevIndexTable256
                0x0801cb54      0x370 ../mydsp/GCC\libarm_cortexM4lf_math.a(arm_common_tables.o)
                0x0801cb54                armBitRevIndexTable256
 .rodata.twiddleCoef_rfft_128
                0x0801cec4      0x200 ../mydsp/GCC\libarm_cortexM4lf_math.a(arm_common_tables.o)
                0x0801cec4                twiddleCoef_rfft_128
 .rodata.armBitRevIndexTable128
                0x0801d0c4      0x1a0 ../mydsp/GCC\libarm_cortexM4lf_math.a(arm_common_tables.o)
                0x0801d0c4                armBitRevIndexTable128
 .rodata.npio2_hw
                0x0801d264       0x80 D:/STM32CubeIDE_1.17.0/STM32CubeIDE/plugins/com.st.stm32cube.ide.mcu.externaltools.gnu-tools-for-stm32.12.3.rel1.win32_1.1.0.202410251130/tools/bin/../lib/gcc/arm-none-eabi/12.3.1/../../../../arm-none-eabi/lib/thumb/v7e-m+fp/hard\libm.a(libm_a-e_rem_pio2.o)
 .rodata.two_over_pi
                0x0801d2e4      0x108 D:/STM32CubeIDE_1.17.0/STM32CubeIDE/plugins/com.st.stm32cube.ide.mcu.externaltools.gnu-tools-for-stm32.12.3.rel1.win32_1.1.0.202410251130/tools/bin/../lib/gcc/arm-none-eabi/12.3.1/../../../../arm-none-eabi/lib/thumb/v7e-m+fp/hard\libm.a(libm_a-e_rem_pio2.o)
 *fill*         0x0801d3ec        0x4 
 .rodata.PIo2   0x0801d3f0       0x40 D:/STM32CubeIDE_1.17.0/STM32CubeIDE/plugins/com.st.stm32cube.ide.mcu.externaltools.gnu-tools-for-stm32.12.3.rel1.win32_1.1.0.202410251130/tools/bin/../lib/gcc/arm-none-eabi/12.3.1/../../../../arm-none-eabi/lib/thumb/v7e-m+fp/hard\libm.a(libm_a-k_rem_pio2.o)
 .rodata.init_jk
                0x0801d430       0x10 D:/STM32CubeIDE_1.17.0/STM32CubeIDE/plugins/com.st.stm32cube.ide.mcu.externaltools.gnu-tools-for-stm32.12.3.rel1.win32_1.1.0.202410251130/tools/bin/../lib/gcc/arm-none-eabi/12.3.1/../../../../arm-none-eabi/lib/thumb/v7e-m+fp/hard\libm.a(libm_a-k_rem_pio2.o)
                0x0801d440                        . = ALIGN (0x4)

.ARM.extab      0x0801d440        0x0
                0x0801d440                        . = ALIGN (0x4)
 *(.ARM.extab* .gnu.linkonce.armextab.*)
                0x0801d440                        . = ALIGN (0x4)

.ARM            0x0801d440        0x8
                0x0801d440                        . = ALIGN (0x4)
                0x0801d440                        __exidx_start = .
 *(.ARM.exidx*)
 .ARM.exidx     0x0801d440        0x8 D:/STM32CubeIDE_1.17.0/STM32CubeIDE/plugins/com.st.stm32cube.ide.mcu.externaltools.gnu-tools-for-stm32.12.3.rel1.win32_1.1.0.202410251130/tools/bin/../lib/gcc/arm-none-eabi/12.3.1/thumb/v7e-m+fp/hard\libgcc.a(_udivmoddi4.o)
                0x0801d448                        __exidx_end = .
                0x0801d448                        . = ALIGN (0x4)

.preinit_array  0x0801d448        0x0
                0x0801d448                        . = ALIGN (0x4)
                0x0801d448                        PROVIDE (__preinit_array_start = .)
 *(.preinit_array*)
                0x0801d448                        PROVIDE (__preinit_array_end = .)
                0x0801d448                        . = ALIGN (0x4)

.init_array     0x0801d448        0x4
                0x0801d448                        . = ALIGN (0x4)
                0x0801d448                        PROVIDE (__init_array_start = .)
 *(SORT_BY_NAME(.init_array.*))
 *(.init_array*)
 .init_array    0x0801d448        0x4 D:/STM32CubeIDE_1.17.0/STM32CubeIDE/plugins/com.st.stm32cube.ide.mcu.externaltools.gnu-tools-for-stm32.12.3.rel1.win32_1.1.0.202410251130/tools/bin/../lib/gcc/arm-none-eabi/12.3.1/thumb/v7e-m+fp/hard/crtbegin.o
                0x0801d44c                        PROVIDE (__init_array_end = .)
                0x0801d44c                        . = ALIGN (0x4)

.fini_array     0x0801d44c        0x4
                0x0801d44c                        . = ALIGN (0x4)
                [!provide]                        PROVIDE (__fini_array_start = .)
 *(SORT_BY_NAME(.fini_array.*))
 *(.fini_array*)
 .fini_array    0x0801d44c        0x4 D:/STM32CubeIDE_1.17.0/STM32CubeIDE/plugins/com.st.stm32cube.ide.mcu.externaltools.gnu-tools-for-stm32.12.3.rel1.win32_1.1.0.202410251130/tools/bin/../lib/gcc/arm-none-eabi/12.3.1/thumb/v7e-m+fp/hard/crtbegin.o
                [!provide]                        PROVIDE (__fini_array_end = .)
                0x0801d450                        . = ALIGN (0x4)
                0x0801d450                        _sidata = LOADADDR (.data)

.rel.dyn        0x0801d450        0x0
 .rel.iplt      0x0801d450        0x0 D:/STM32CubeIDE_1.17.0/STM32CubeIDE/plugins/com.st.stm32cube.ide.mcu.externaltools.gnu-tools-for-stm32.12.3.rel1.win32_1.1.0.202410251130/tools/bin/../lib/gcc/arm-none-eabi/12.3.1/thumb/v7e-m+fp/hard/crtbegin.o

.data           0x20000000      0x1c4 load address 0x0801d450
                0x20000000                        . = ALIGN (0x4)
                0x20000000                        _sdata = .
 *(.data)
 *(.data*)
 .data.Hzk      0x20000000      0x140 ./Core/Src/OLED.o
                0x20000000                Hzk
 .data.enflag   0x20000140        0x1 ./Core/Src/main.o
                0x20000140                enflag
 .data.oledwaveflag
                0x20000141        0x1 ./Core/Src/main.o
                0x20000141                oledwaveflag
 *fill*         0x20000142        0x2 
 .data.generate_voltage
                0x20000144        0x4 ./Core/Src/main.o
                0x20000144                generate_voltage
 .data.freqpos  0x20000148        0x1 ./Core/Src/main.o
                0x20000148                freqpos
 *fill*         0x20000149        0x3 
 .data.freq     0x2000014c       0x16 ./Core/Src/main.o
                0x2000014c                freq
 .data.key2_state
                0x20000162        0x1 ./Core/Src/main.o
                0x20000162                key2_state
 *fill*         0x20000163        0x1 
 .data.pwave    0x20000164        0x4 ./Core/Src/main.o
                0x20000164                pwave
 .data.SystemCoreClock
                0x20000168        0x4 ./Core/Src/system_stm32f4xx.o
                0x20000168                SystemCoreClock
 .data.uwTickPrio
                0x2000016c        0x4 ./Drivers/STM32F4xx_HAL_Driver/Src/stm32f4xx_hal.o
                0x2000016c                uwTickPrio
 .data.uwTickFreq
                0x20000170        0x1 ./Drivers/STM32F4xx_HAL_Driver/Src/stm32f4xx_hal.o
                0x20000170                uwTickFreq
 *fill*         0x20000171        0x3 
 .data._impure_ptr
                0x20000174        0x4 D:/STM32CubeIDE_1.17.0/STM32CubeIDE/plugins/com.st.stm32cube.ide.mcu.externaltools.gnu-tools-for-stm32.12.3.rel1.win32_1.1.0.202410251130/tools/bin/../lib/gcc/arm-none-eabi/12.3.1/../../../../arm-none-eabi/lib/thumb/v7e-m+fp/hard\libc_nano.a(libc_a-impure.o)
                0x20000174                _impure_ptr
 .data._impure_data
                0x20000178       0x4c D:/STM32CubeIDE_1.17.0/STM32CubeIDE/plugins/com.st.stm32cube.ide.mcu.externaltools.gnu-tools-for-stm32.12.3.rel1.win32_1.1.0.202410251130/tools/bin/../lib/gcc/arm-none-eabi/12.3.1/../../../../arm-none-eabi/lib/thumb/v7e-m+fp/hard\libc_nano.a(libc_a-impure.o)
                0x20000178                _impure_data
 *(.RamFunc)
 *(.RamFunc*)
                0x200001c4                        . = ALIGN (0x4)
                0x200001c4                        _edata = .

.igot.plt       0x200001c4        0x0 load address 0x0801d614
 .igot.plt      0x200001c4        0x0 D:/STM32CubeIDE_1.17.0/STM32CubeIDE/plugins/com.st.stm32cube.ide.mcu.externaltools.gnu-tools-for-stm32.12.3.rel1.win32_1.1.0.202410251130/tools/bin/../lib/gcc/arm-none-eabi/12.3.1/thumb/v7e-m+fp/hard/crtbegin.o
                0x200001c4                        . = ALIGN (0x4)

.bss            0x200001c4     0x587c load address 0x0801d614
                0x200001c4                        _sbss = .
                0x200001c4                        __bss_start__ = _sbss
 *(.bss)
 .bss           0x200001c4       0x1c D:/STM32CubeIDE_1.17.0/STM32CubeIDE/plugins/com.st.stm32cube.ide.mcu.externaltools.gnu-tools-for-stm32.12.3.rel1.win32_1.1.0.202410251130/tools/bin/../lib/gcc/arm-none-eabi/12.3.1/thumb/v7e-m+fp/hard/crtbegin.o
 *(.bss*)
 .bss.oled_buffer
                0x200001e0      0x400 ./Core/Src/OLED.o
 .bss.hadc1     0x200005e0       0x48 ./Core/Src/adc.o
                0x200005e0                hadc1
 .bss.hdma_adc1
                0x20000628       0x60 ./Core/Src/adc.o
                0x20000628                hdma_adc1
 .bss.hi2c1     0x20000688       0x54 ./Core/Src/i2c.o
                0x20000688                hi2c1
 .bss.adcvalue  0x200006dc     0x1770 ./Core/Src/main.o
                0x200006dc                adcvalue
 .bss.exitflag  0x20001e4c        0x1 ./Core/Src/main.o
                0x20001e4c                exitflag
 .bss.numflag   0x20001e4d        0x1 ./Core/Src/main.o
                0x20001e4d                numflag
 .bss.keynum    0x20001e4e        0x1 ./Core/Src/main.o
                0x20001e4e                keynum
 .bss.key1_state
                0x20001e4f        0x1 ./Core/Src/main.o
                0x20001e4f                key1_state
 .bss.key5_state
                0x20001e50        0x1 ./Core/Src/main.o
                0x20001e50                key5_state
 *fill*         0x20001e51        0x3 
 .bss.nowfreq   0x20001e54        0x4 ./Core/Src/main.o
                0x20001e54                nowfreq
 .bss.sin_wavedata
                0x20001e58      0x200 ./Core/Src/main.o
                0x20001e58                sin_wavedata
 .bss.sq_wavedata
                0x20002058      0x200 ./Core/Src/main.o
                0x20002058                sq_wavedata
 .bss.tang_wavedata
                0x20002258      0x200 ./Core/Src/main.o
                0x20002258                tang_wavedata
 .bss.dc_wavedata
                0x20002458      0x200 ./Core/Src/main.o
                0x20002458                dc_wavedata
 .bss.waveform  0x20002658      0x12c ./Core/Src/oscilloscope.o
                0x20002658                waveform
 .bss.fft_input
                0x20002784     0x2000 ./Core/Src/oscilloscope.o
                0x20002784                fft_input
 .bss.fft_output
                0x20004784     0x1000 ./Core/Src/oscilloscope.o
                0x20004784                fft_output
 .bss.htim1     0x20005784       0x48 ./Core/Src/tim.o
                0x20005784                htim1
 .bss.htim2     0x200057cc       0x48 ./Core/Src/tim.o
                0x200057cc                htim2
 .bss.htim3     0x20005814       0x48 ./Core/Src/tim.o
                0x20005814                htim3
 .bss.htim4     0x2000585c       0x48 ./Core/Src/tim.o
                0x2000585c                htim4
 .bss.hdma_tim1_up
                0x200058a4       0x60 ./Core/Src/tim.o
                0x200058a4                hdma_tim1_up
 .bss.uwTick    0x20005904        0x4 ./Drivers/STM32F4xx_HAL_Driver/Src/stm32f4xx_hal.o
                0x20005904                uwTick
 .bss.__sf      0x20005908      0x138 D:/STM32CubeIDE_1.17.0/STM32CubeIDE/plugins/com.st.stm32cube.ide.mcu.externaltools.gnu-tools-for-stm32.12.3.rel1.win32_1.1.0.202410251130/tools/bin/../lib/gcc/arm-none-eabi/12.3.1/../../../../arm-none-eabi/lib/thumb/v7e-m+fp/hard\libc_nano.a(libc_a-findfp.o)
                0x20005908                __sf
 *(COMMON)
                0x20005a40                        . = ALIGN (0x4)
                0x20005a40                        _ebss = .
                0x20005a40                        __bss_end__ = _ebss

._user_heap_stack
                0x20005a40      0x600 load address 0x0801d614
                0x20005a40                        . = ALIGN (0x8)
                [!provide]                        PROVIDE (end = .)
                0x20005a40                        PROVIDE (_end = .)
                0x20005c40                        . = (. + _Min_Heap_Size)
 *fill*         0x20005a40      0x200 
                0x20006040                        . = (. + _Min_Stack_Size)
 *fill*         0x20005c40      0x400 
                0x20006040                        . = ALIGN (0x8)

/DISCARD/
 libc.a(*)
 libm.a(*)
 libgcc.a(*)

.ARM.attributes
                0x00000000       0x30
 *(.ARM.attributes)
 .ARM.attributes
                0x00000000       0x22 D:/STM32CubeIDE_1.17.0/STM32CubeIDE/plugins/com.st.stm32cube.ide.mcu.externaltools.gnu-tools-for-stm32.12.3.rel1.win32_1.1.0.202410251130/tools/bin/../lib/gcc/arm-none-eabi/12.3.1/thumb/v7e-m+fp/hard/crti.o
 .ARM.attributes
                0x00000022       0x34 D:/STM32CubeIDE_1.17.0/STM32CubeIDE/plugins/com.st.stm32cube.ide.mcu.externaltools.gnu-tools-for-stm32.12.3.rel1.win32_1.1.0.202410251130/tools/bin/../lib/gcc/arm-none-eabi/12.3.1/thumb/v7e-m+fp/hard/crtbegin.o
 .ARM.attributes
                0x00000056       0x34 ./Core/Src/OLED.o
 .ARM.attributes
                0x0000008a       0x34 ./Core/Src/adc.o
 .ARM.attributes
                0x000000be       0x34 ./Core/Src/dma.o
 .ARM.attributes
                0x000000f2       0x34 ./Core/Src/generate.o
 .ARM.attributes
                0x00000126       0x34 ./Core/Src/gpio.o
 .ARM.attributes
                0x0000015a       0x34 ./Core/Src/i2c.o
 .ARM.attributes
                0x0000018e       0x34 ./Core/Src/main.o
 .ARM.attributes
                0x000001c2       0x34 ./Core/Src/oscilloscope.o
 .ARM.attributes
                0x000001f6       0x34 ./Core/Src/stm32f4xx_hal_msp.o
 .ARM.attributes
                0x0000022a       0x34 ./Core/Src/stm32f4xx_it.o
 .ARM.attributes
                0x0000025e       0x34 ./Core/Src/system_stm32f4xx.o
 .ARM.attributes
                0x00000292       0x34 ./Core/Src/tim.o
 .ARM.attributes
                0x000002c6       0x21 ./Core/Startup/startup_stm32f411ceux.o
 .ARM.attributes
                0x000002e7       0x34 ./Drivers/STM32F4xx_HAL_Driver/Src/stm32f4xx_hal.o
 .ARM.attributes
                0x0000031b       0x34 ./Drivers/STM32F4xx_HAL_Driver/Src/stm32f4xx_hal_adc.o
 .ARM.attributes
                0x0000034f       0x34 ./Drivers/STM32F4xx_HAL_Driver/Src/stm32f4xx_hal_cortex.o
 .ARM.attributes
                0x00000383       0x34 ./Drivers/STM32F4xx_HAL_Driver/Src/stm32f4xx_hal_dma.o
 .ARM.attributes
                0x000003b7       0x34 ./Drivers/STM32F4xx_HAL_Driver/Src/stm32f4xx_hal_gpio.o
 .ARM.attributes
                0x000003eb       0x34 ./Drivers/STM32F4xx_HAL_Driver/Src/stm32f4xx_hal_i2c.o
 .ARM.attributes
                0x0000041f       0x34 ./Drivers/STM32F4xx_HAL_Driver/Src/stm32f4xx_hal_rcc.o
 .ARM.attributes
                0x00000453       0x34 ./Drivers/STM32F4xx_HAL_Driver/Src/stm32f4xx_hal_tim.o
 .ARM.attributes
                0x00000487       0x34 ./Drivers/STM32F4xx_HAL_Driver/Src/stm32f4xx_hal_tim_ex.o
 .ARM.attributes
                0x000004bb       0x39 ../mydsp/GCC\libarm_cortexM4lf_math.a(arm_max_f32.o)
 .ARM.attributes
                0x000004f4       0x39 ../mydsp/GCC\libarm_cortexM4lf_math.a(arm_rfft_fast_init_f32.o)
 .ARM.attributes
                0x0000052d       0x39 ../mydsp/GCC\libarm_cortexM4lf_math.a(arm_rfft_fast_f32.o)
 .ARM.attributes
                0x00000566       0x39 ../mydsp/GCC\libarm_cortexM4lf_math.a(arm_cfft_f32.o)
 .ARM.attributes
                0x0000059f       0x39 ../mydsp/GCC\libarm_cortexM4lf_math.a(arm_cmplx_mag_f32.o)
 .ARM.attributes
                0x000005d8       0x39 ../mydsp/GCC\libarm_cortexM4lf_math.a(arm_common_tables.o)
 .ARM.attributes
                0x00000611       0x25 ../mydsp/GCC\libarm_cortexM4lf_math.a(arm_bitreversal2.o)
 .ARM.attributes
                0x00000636       0x39 ../mydsp/GCC\libarm_cortexM4lf_math.a(arm_cfft_radix8_f32.o)
 .ARM.attributes
                0x0000066f       0x34 D:/STM32CubeIDE_1.17.0/STM32CubeIDE/plugins/com.st.stm32cube.ide.mcu.externaltools.gnu-tools-for-stm32.12.3.rel1.win32_1.1.0.202410251130/tools/bin/../lib/gcc/arm-none-eabi/12.3.1/../../../../arm-none-eabi/lib/thumb/v7e-m+fp/hard\libc_nano.a(libc_a-findfp.o)
 .ARM.attributes
                0x000006a3       0x34 D:/STM32CubeIDE_1.17.0/STM32CubeIDE/plugins/com.st.stm32cube.ide.mcu.externaltools.gnu-tools-for-stm32.12.3.rel1.win32_1.1.0.202410251130/tools/bin/../lib/gcc/arm-none-eabi/12.3.1/../../../../arm-none-eabi/lib/thumb/v7e-m+fp/hard\libc_nano.a(libc_a-memset.o)
 .ARM.attributes
                0x000006d7       0x34 D:/STM32CubeIDE_1.17.0/STM32CubeIDE/plugins/com.st.stm32cube.ide.mcu.externaltools.gnu-tools-for-stm32.12.3.rel1.win32_1.1.0.202410251130/tools/bin/../lib/gcc/arm-none-eabi/12.3.1/../../../../arm-none-eabi/lib/thumb/v7e-m+fp/hard\libc_nano.a(libc_a-impure.o)
 .ARM.attributes
                0x0000070b       0x34 D:/STM32CubeIDE_1.17.0/STM32CubeIDE/plugins/com.st.stm32cube.ide.mcu.externaltools.gnu-tools-for-stm32.12.3.rel1.win32_1.1.0.202410251130/tools/bin/../lib/gcc/arm-none-eabi/12.3.1/../../../../arm-none-eabi/lib/thumb/v7e-m+fp/hard\libc_nano.a(libc_a-errno.o)
 .ARM.attributes
                0x0000073f       0x34 D:/STM32CubeIDE_1.17.0/STM32CubeIDE/plugins/com.st.stm32cube.ide.mcu.externaltools.gnu-tools-for-stm32.12.3.rel1.win32_1.1.0.202410251130/tools/bin/../lib/gcc/arm-none-eabi/12.3.1/../../../../arm-none-eabi/lib/thumb/v7e-m+fp/hard\libc_nano.a(libc_a-init.o)
 .ARM.attributes
                0x00000773       0x34 D:/STM32CubeIDE_1.17.0/STM32CubeIDE/plugins/com.st.stm32cube.ide.mcu.externaltools.gnu-tools-for-stm32.12.3.rel1.win32_1.1.0.202410251130/tools/bin/../lib/gcc/arm-none-eabi/12.3.1/../../../../arm-none-eabi/lib/thumb/v7e-m+fp/hard\libm.a(libm_a-s_sin.o)
 .ARM.attributes
                0x000007a7       0x34 D:/STM32CubeIDE_1.17.0/STM32CubeIDE/plugins/com.st.stm32cube.ide.mcu.externaltools.gnu-tools-for-stm32.12.3.rel1.win32_1.1.0.202410251130/tools/bin/../lib/gcc/arm-none-eabi/12.3.1/../../../../arm-none-eabi/lib/thumb/v7e-m+fp/hard\libm.a(libm_a-wf_sqrt.o)
 .ARM.attributes
                0x000007db       0x34 D:/STM32CubeIDE_1.17.0/STM32CubeIDE/plugins/com.st.stm32cube.ide.mcu.externaltools.gnu-tools-for-stm32.12.3.rel1.win32_1.1.0.202410251130/tools/bin/../lib/gcc/arm-none-eabi/12.3.1/../../../../arm-none-eabi/lib/thumb/v7e-m+fp/hard\libm.a(libm_a-ef_sqrt.o)
 .ARM.attributes
                0x0000080f       0x34 D:/STM32CubeIDE_1.17.0/STM32CubeIDE/plugins/com.st.stm32cube.ide.mcu.externaltools.gnu-tools-for-stm32.12.3.rel1.win32_1.1.0.202410251130/tools/bin/../lib/gcc/arm-none-eabi/12.3.1/../../../../arm-none-eabi/lib/thumb/v7e-m+fp/hard\libm.a(libm_a-k_cos.o)
 .ARM.attributes
                0x00000843       0x34 D:/STM32CubeIDE_1.17.0/STM32CubeIDE/plugins/com.st.stm32cube.ide.mcu.externaltools.gnu-tools-for-stm32.12.3.rel1.win32_1.1.0.202410251130/tools/bin/../lib/gcc/arm-none-eabi/12.3.1/../../../../arm-none-eabi/lib/thumb/v7e-m+fp/hard\libm.a(libm_a-k_sin.o)
 .ARM.attributes
                0x00000877       0x34 D:/STM32CubeIDE_1.17.0/STM32CubeIDE/plugins/com.st.stm32cube.ide.mcu.externaltools.gnu-tools-for-stm32.12.3.rel1.win32_1.1.0.202410251130/tools/bin/../lib/gcc/arm-none-eabi/12.3.1/../../../../arm-none-eabi/lib/thumb/v7e-m+fp/hard\libm.a(libm_a-e_rem_pio2.o)
 .ARM.attributes
                0x000008ab       0x34 D:/STM32CubeIDE_1.17.0/STM32CubeIDE/plugins/com.st.stm32cube.ide.mcu.externaltools.gnu-tools-for-stm32.12.3.rel1.win32_1.1.0.202410251130/tools/bin/../lib/gcc/arm-none-eabi/12.3.1/../../../../arm-none-eabi/lib/thumb/v7e-m+fp/hard\libm.a(libm_a-s_fabs.o)
 .ARM.attributes
                0x000008df       0x34 D:/STM32CubeIDE_1.17.0/STM32CubeIDE/plugins/com.st.stm32cube.ide.mcu.externaltools.gnu-tools-for-stm32.12.3.rel1.win32_1.1.0.202410251130/tools/bin/../lib/gcc/arm-none-eabi/12.3.1/../../../../arm-none-eabi/lib/thumb/v7e-m+fp/hard\libm.a(libm_a-k_rem_pio2.o)
 .ARM.attributes
                0x00000913       0x34 D:/STM32CubeIDE_1.17.0/STM32CubeIDE/plugins/com.st.stm32cube.ide.mcu.externaltools.gnu-tools-for-stm32.12.3.rel1.win32_1.1.0.202410251130/tools/bin/../lib/gcc/arm-none-eabi/12.3.1/../../../../arm-none-eabi/lib/thumb/v7e-m+fp/hard\libm.a(libm_a-s_scalbn.o)
 .ARM.attributes
                0x00000947       0x34 D:/STM32CubeIDE_1.17.0/STM32CubeIDE/plugins/com.st.stm32cube.ide.mcu.externaltools.gnu-tools-for-stm32.12.3.rel1.win32_1.1.0.202410251130/tools/bin/../lib/gcc/arm-none-eabi/12.3.1/../../../../arm-none-eabi/lib/thumb/v7e-m+fp/hard\libm.a(libm_a-s_floor.o)
 .ARM.attributes
                0x0000097b       0x22 D:/STM32CubeIDE_1.17.0/STM32CubeIDE/plugins/com.st.stm32cube.ide.mcu.externaltools.gnu-tools-for-stm32.12.3.rel1.win32_1.1.0.202410251130/tools/bin/../lib/gcc/arm-none-eabi/12.3.1/thumb/v7e-m+fp/hard\libgcc.a(_arm_addsubdf3.o)
 .ARM.attributes
                0x0000099d       0x22 D:/STM32CubeIDE_1.17.0/STM32CubeIDE/plugins/com.st.stm32cube.ide.mcu.externaltools.gnu-tools-for-stm32.12.3.rel1.win32_1.1.0.202410251130/tools/bin/../lib/gcc/arm-none-eabi/12.3.1/thumb/v7e-m+fp/hard\libgcc.a(_arm_muldivdf3.o)
 .ARM.attributes
                0x000009bf       0x22 D:/STM32CubeIDE_1.17.0/STM32CubeIDE/plugins/com.st.stm32cube.ide.mcu.externaltools.gnu-tools-for-stm32.12.3.rel1.win32_1.1.0.202410251130/tools/bin/../lib/gcc/arm-none-eabi/12.3.1/thumb/v7e-m+fp/hard\libgcc.a(_arm_cmpdf2.o)
 .ARM.attributes
                0x000009e1       0x22 D:/STM32CubeIDE_1.17.0/STM32CubeIDE/plugins/com.st.stm32cube.ide.mcu.externaltools.gnu-tools-for-stm32.12.3.rel1.win32_1.1.0.202410251130/tools/bin/../lib/gcc/arm-none-eabi/12.3.1/thumb/v7e-m+fp/hard\libgcc.a(_arm_fixdfsi.o)
 .ARM.attributes
                0x00000a03       0x22 D:/STM32CubeIDE_1.17.0/STM32CubeIDE/plugins/com.st.stm32cube.ide.mcu.externaltools.gnu-tools-for-stm32.12.3.rel1.win32_1.1.0.202410251130/tools/bin/../lib/gcc/arm-none-eabi/12.3.1/thumb/v7e-m+fp/hard\libgcc.a(_arm_fixunsdfsi.o)
 .ARM.attributes
                0x00000a25       0x22 D:/STM32CubeIDE_1.17.0/STM32CubeIDE/plugins/com.st.stm32cube.ide.mcu.externaltools.gnu-tools-for-stm32.12.3.rel1.win32_1.1.0.202410251130/tools/bin/../lib/gcc/arm-none-eabi/12.3.1/thumb/v7e-m+fp/hard\libgcc.a(_arm_truncdfsf2.o)
 .ARM.attributes
                0x00000a47       0x22 D:/STM32CubeIDE_1.17.0/STM32CubeIDE/plugins/com.st.stm32cube.ide.mcu.externaltools.gnu-tools-for-stm32.12.3.rel1.win32_1.1.0.202410251130/tools/bin/../lib/gcc/arm-none-eabi/12.3.1/thumb/v7e-m+fp/hard\libgcc.a(_aeabi_uldivmod.o)
 .ARM.attributes
                0x00000a69       0x34 D:/STM32CubeIDE_1.17.0/STM32CubeIDE/plugins/com.st.stm32cube.ide.mcu.externaltools.gnu-tools-for-stm32.12.3.rel1.win32_1.1.0.202410251130/tools/bin/../lib/gcc/arm-none-eabi/12.3.1/thumb/v7e-m+fp/hard\libgcc.a(_udivmoddi4.o)
 .ARM.attributes
                0x00000a9d       0x22 D:/STM32CubeIDE_1.17.0/STM32CubeIDE/plugins/com.st.stm32cube.ide.mcu.externaltools.gnu-tools-for-stm32.12.3.rel1.win32_1.1.0.202410251130/tools/bin/../lib/gcc/arm-none-eabi/12.3.1/thumb/v7e-m+fp/hard\libgcc.a(_dvmd_tls.o)
 .ARM.attributes
                0x00000abf       0x22 D:/STM32CubeIDE_1.17.0/STM32CubeIDE/plugins/com.st.stm32cube.ide.mcu.externaltools.gnu-tools-for-stm32.12.3.rel1.win32_1.1.0.202410251130/tools/bin/../lib/gcc/arm-none-eabi/12.3.1/thumb/v7e-m+fp/hard/crtn.o
OUTPUT(pocket.elf elf32-littlearm)
LOAD linker stubs
LOAD D:/STM32CubeIDE_1.17.0/STM32CubeIDE/plugins/com.st.stm32cube.ide.mcu.externaltools.gnu-tools-for-stm32.12.3.rel1.win32_1.1.0.202410251130/tools/bin/../lib/gcc/arm-none-eabi/12.3.1/../../../../arm-none-eabi/lib/thumb/v7e-m+fp/hard\libc.a
LOAD D:/STM32CubeIDE_1.17.0/STM32CubeIDE/plugins/com.st.stm32cube.ide.mcu.externaltools.gnu-tools-for-stm32.12.3.rel1.win32_1.1.0.202410251130/tools/bin/../lib/gcc/arm-none-eabi/12.3.1/../../../../arm-none-eabi/lib/thumb/v7e-m+fp/hard\libm.a
LOAD D:/STM32CubeIDE_1.17.0/STM32CubeIDE/plugins/com.st.stm32cube.ide.mcu.externaltools.gnu-tools-for-stm32.12.3.rel1.win32_1.1.0.202410251130/tools/bin/../lib/gcc/arm-none-eabi/12.3.1/thumb/v7e-m+fp/hard\libgcc.a

.debug_info     0x00000000    0x12b48
 .debug_info    0x00000000      0xf11 ./Core/Src/OLED.o
 .debug_info    0x00000f11      0xa06 ./Core/Src/adc.o
 .debug_info    0x00001917      0x445 ./Core/Src/dma.o
 .debug_info    0x00001d5c      0x270 ./Core/Src/generate.o
 .debug_info    0x00001fcc      0x5fc ./Core/Src/gpio.o
 .debug_info    0x000025c8      0x9a5 ./Core/Src/i2c.o
 .debug_info    0x00002f6d     0x1344 ./Core/Src/main.o
 .debug_info    0x000042b1      0xabc ./Core/Src/oscilloscope.o
 .debug_info    0x00004d6d      0x291 ./Core/Src/stm32f4xx_hal_msp.o
 .debug_info    0x00004ffe      0x44e ./Core/Src/stm32f4xx_it.o
 .debug_info    0x0000544c      0x53e ./Core/Src/system_stm32f4xx.o
 .debug_info    0x0000598a      0xee9 ./Core/Src/tim.o
 .debug_info    0x00006873       0x30 ./Core/Startup/startup_stm32f411ceux.o
 .debug_info    0x000068a3      0x8c4 ./Drivers/STM32F4xx_HAL_Driver/Src/stm32f4xx_hal.o
 .debug_info    0x00007167      0xcd1 ./Drivers/STM32F4xx_HAL_Driver/Src/stm32f4xx_hal_adc.o
 .debug_info    0x00007e38      0xcfc ./Drivers/STM32F4xx_HAL_Driver/Src/stm32f4xx_hal_cortex.o
 .debug_info    0x00008b34      0x8e6 ./Drivers/STM32F4xx_HAL_Driver/Src/stm32f4xx_hal_dma.o
 .debug_info    0x0000941a      0x6f9 ./Drivers/STM32F4xx_HAL_Driver/Src/stm32f4xx_hal_gpio.o
 .debug_info    0x00009b13     0x2426 ./Drivers/STM32F4xx_HAL_Driver/Src/stm32f4xx_hal_i2c.o
 .debug_info    0x0000bf39      0x8f0 ./Drivers/STM32F4xx_HAL_Driver/Src/stm32f4xx_hal_rcc.o
 .debug_info    0x0000c829     0x2996 ./Drivers/STM32F4xx_HAL_Driver/Src/stm32f4xx_hal_tim.o
 .debug_info    0x0000f1bf     0x14d4 ./Drivers/STM32F4xx_HAL_Driver/Src/stm32f4xx_hal_tim_ex.o
 .debug_info    0x00010693      0x164 ../mydsp/GCC\libarm_cortexM4lf_math.a(arm_max_f32.o)
 .debug_info    0x000107f7      0x4c7 ../mydsp/GCC\libarm_cortexM4lf_math.a(arm_rfft_fast_init_f32.o)
 .debug_info    0x00010cbe      0x70d ../mydsp/GCC\libarm_cortexM4lf_math.a(arm_rfft_fast_f32.o)
 .debug_info    0x000113cb      0x685 ../mydsp/GCC\libarm_cortexM4lf_math.a(arm_cfft_f32.o)
 .debug_info    0x00011a50      0x296 ../mydsp/GCC\libarm_cortexM4lf_math.a(arm_cmplx_mag_f32.o)
 .debug_info    0x00011ce6      0x9b1 ../mydsp/GCC\libarm_cortexM4lf_math.a(arm_common_tables.o)
 .debug_info    0x00012697       0x98 ../mydsp/GCC\libarm_cortexM4lf_math.a(arm_bitreversal2.o)
 .debug_info    0x0001272f      0x419 ../mydsp/GCC\libarm_cortexM4lf_math.a(arm_cfft_radix8_f32.o)

.debug_abbrev   0x00000000     0x333a
 .debug_abbrev  0x00000000      0x34b ./Core/Src/OLED.o
 .debug_abbrev  0x0000034b      0x204 ./Core/Src/adc.o
 .debug_abbrev  0x0000054f      0x10e ./Core/Src/dma.o
 .debug_abbrev  0x0000065d       0xe3 ./Core/Src/generate.o
 .debug_abbrev  0x00000740      0x173 ./Core/Src/gpio.o
 .debug_abbrev  0x000008b3      0x1f0 ./Core/Src/i2c.o
 .debug_abbrev  0x00000aa3      0x2d2 ./Core/Src/main.o
 .debug_abbrev  0x00000d75      0x28c ./Core/Src/oscilloscope.o
 .debug_abbrev  0x00001001       0xd8 ./Core/Src/stm32f4xx_hal_msp.o
 .debug_abbrev  0x000010d9      0x17b ./Core/Src/stm32f4xx_it.o
 .debug_abbrev  0x00001254      0x11a ./Core/Src/system_stm32f4xx.o
 .debug_abbrev  0x0000136e      0x299 ./Core/Src/tim.o
 .debug_abbrev  0x00001607       0x24 ./Core/Startup/startup_stm32f411ceux.o
 .debug_abbrev  0x0000162b      0x24b ./Drivers/STM32F4xx_HAL_Driver/Src/stm32f4xx_hal.o
 .debug_abbrev  0x00001876      0x20e ./Drivers/STM32F4xx_HAL_Driver/Src/stm32f4xx_hal_adc.o
 .debug_abbrev  0x00001a84      0x31d ./Drivers/STM32F4xx_HAL_Driver/Src/stm32f4xx_hal_cortex.o
 .debug_abbrev  0x00001da1      0x221 ./Drivers/STM32F4xx_HAL_Driver/Src/stm32f4xx_hal_dma.o
 .debug_abbrev  0x00001fc2      0x1d3 ./Drivers/STM32F4xx_HAL_Driver/Src/stm32f4xx_hal_gpio.o
 .debug_abbrev  0x00002195      0x2bc ./Drivers/STM32F4xx_HAL_Driver/Src/stm32f4xx_hal_i2c.o
 .debug_abbrev  0x00002451      0x2b6 ./Drivers/STM32F4xx_HAL_Driver/Src/stm32f4xx_hal_rcc.o
 .debug_abbrev  0x00002707      0x28b ./Drivers/STM32F4xx_HAL_Driver/Src/stm32f4xx_hal_tim.o
 .debug_abbrev  0x00002992      0x296 ./Drivers/STM32F4xx_HAL_Driver/Src/stm32f4xx_hal_tim_ex.o
 .debug_abbrev  0x00002c28       0xb2 ../mydsp/GCC\libarm_cortexM4lf_math.a(arm_max_f32.o)
 .debug_abbrev  0x00002cda      0x108 ../mydsp/GCC\libarm_cortexM4lf_math.a(arm_rfft_fast_init_f32.o)
 .debug_abbrev  0x00002de2      0x177 ../mydsp/GCC\libarm_cortexM4lf_math.a(arm_rfft_fast_f32.o)
 .debug_abbrev  0x00002f59      0x183 ../mydsp/GCC\libarm_cortexM4lf_math.a(arm_cfft_f32.o)
 .debug_abbrev  0x000030dc      0x11e ../mydsp/GCC\libarm_cortexM4lf_math.a(arm_cmplx_mag_f32.o)
 .debug_abbrev  0x000031fa       0x84 ../mydsp/GCC\libarm_cortexM4lf_math.a(arm_common_tables.o)
 .debug_abbrev  0x0000327e       0x14 ../mydsp/GCC\libarm_cortexM4lf_math.a(arm_bitreversal2.o)
 .debug_abbrev  0x00003292       0xa8 ../mydsp/GCC\libarm_cortexM4lf_math.a(arm_cfft_radix8_f32.o)

.debug_aranges  0x00000000     0x1118
 .debug_aranges
                0x00000000       0xd8 ./Core/Src/OLED.o
 .debug_aranges
                0x000000d8       0x30 ./Core/Src/adc.o
 .debug_aranges
                0x00000108       0x20 ./Core/Src/dma.o
 .debug_aranges
                0x00000128       0x40 ./Core/Src/generate.o
 .debug_aranges
                0x00000168       0x20 ./Core/Src/gpio.o
 .debug_aranges
                0x00000188       0x30 ./Core/Src/i2c.o
 .debug_aranges
                0x000001b8       0x40 ./Core/Src/main.o
 .debug_aranges
                0x000001f8       0x50 ./Core/Src/oscilloscope.o
 .debug_aranges
                0x00000248       0x20 ./Core/Src/stm32f4xx_hal_msp.o
 .debug_aranges
                0x00000268       0x80 ./Core/Src/stm32f4xx_it.o
 .debug_aranges
                0x000002e8       0x28 ./Core/Src/system_stm32f4xx.o
 .debug_aranges
                0x00000310       0x70 ./Core/Src/tim.o
 .debug_aranges
                0x00000380       0x28 ./Core/Startup/startup_stm32f411ceux.o
 .debug_aranges
                0x000003a8       0xf0 ./Drivers/STM32F4xx_HAL_Driver/Src/stm32f4xx_hal.o
 .debug_aranges
                0x00000498       0xe8 ./Drivers/STM32F4xx_HAL_Driver/Src/stm32f4xx_hal_adc.o
 .debug_aranges
                0x00000580      0x130 ./Drivers/STM32F4xx_HAL_Driver/Src/stm32f4xx_hal_cortex.o
 .debug_aranges
                0x000006b0       0x90 ./Drivers/STM32F4xx_HAL_Driver/Src/stm32f4xx_hal_dma.o
 .debug_aranges
                0x00000740       0x58 ./Drivers/STM32F4xx_HAL_Driver/Src/stm32f4xx_hal_gpio.o
 .debug_aranges
                0x00000798      0x2a8 ./Drivers/STM32F4xx_HAL_Driver/Src/stm32f4xx_hal_i2c.o
 .debug_aranges
                0x00000a40       0x88 ./Drivers/STM32F4xx_HAL_Driver/Src/stm32f4xx_hal_rcc.o
 .debug_aranges
                0x00000ac8      0x3d0 ./Drivers/STM32F4xx_HAL_Driver/Src/stm32f4xx_hal_tim.o
 .debug_aranges
                0x00000e98      0x168 ./Drivers/STM32F4xx_HAL_Driver/Src/stm32f4xx_hal_tim_ex.o
 .debug_aranges
                0x00001000       0x20 ../mydsp/GCC\libarm_cortexM4lf_math.a(arm_max_f32.o)
 .debug_aranges
                0x00001020       0x20 ../mydsp/GCC\libarm_cortexM4lf_math.a(arm_rfft_fast_init_f32.o)
 .debug_aranges
                0x00001040       0x30 ../mydsp/GCC\libarm_cortexM4lf_math.a(arm_rfft_fast_f32.o)
 .debug_aranges
                0x00001070       0x30 ../mydsp/GCC\libarm_cortexM4lf_math.a(arm_cfft_f32.o)
 .debug_aranges
                0x000010a0       0x20 ../mydsp/GCC\libarm_cortexM4lf_math.a(arm_cmplx_mag_f32.o)
 .debug_aranges
                0x000010c0       0x18 ../mydsp/GCC\libarm_cortexM4lf_math.a(arm_common_tables.o)
 .debug_aranges
                0x000010d8       0x20 ../mydsp/GCC\libarm_cortexM4lf_math.a(arm_bitreversal2.o)
 .debug_aranges
                0x000010f8       0x20 ../mydsp/GCC\libarm_cortexM4lf_math.a(arm_cfft_radix8_f32.o)

.debug_rnglists
                0x00000000      0xc7a
 .debug_rnglists
                0x00000000       0xb2 ./Core/Src/OLED.o
 .debug_rnglists
                0x000000b2       0x21 ./Core/Src/adc.o
 .debug_rnglists
                0x000000d3       0x13 ./Core/Src/dma.o
 .debug_rnglists
                0x000000e6       0x2e ./Core/Src/generate.o
 .debug_rnglists
                0x00000114       0x14 ./Core/Src/gpio.o
 .debug_rnglists
                0x00000128       0x20 ./Core/Src/i2c.o
 .debug_rnglists
                0x00000148       0x2e ./Core/Src/main.o
 .debug_rnglists
                0x00000176       0x3a ./Core/Src/oscilloscope.o
 .debug_rnglists
                0x000001b0       0x13 ./Core/Src/stm32f4xx_hal_msp.o
 .debug_rnglists
                0x000001c3       0x5b ./Core/Src/stm32f4xx_it.o
 .debug_rnglists
                0x0000021e       0x1a ./Core/Src/system_stm32f4xx.o
 .debug_rnglists
                0x00000238       0x55 ./Core/Src/tim.o
 .debug_rnglists
                0x0000028d       0x19 ./Core/Startup/startup_stm32f411ceux.o
 .debug_rnglists
                0x000002a6       0xaf ./Drivers/STM32F4xx_HAL_Driver/Src/stm32f4xx_hal.o
 .debug_rnglists
                0x00000355       0xb5 ./Drivers/STM32F4xx_HAL_Driver/Src/stm32f4xx_hal_adc.o
 .debug_rnglists
                0x0000040a       0xe0 ./Drivers/STM32F4xx_HAL_Driver/Src/stm32f4xx_hal_cortex.o
 .debug_rnglists
                0x000004ea       0x70 ./Drivers/STM32F4xx_HAL_Driver/Src/stm32f4xx_hal_dma.o
 .debug_rnglists
                0x0000055a       0x3f ./Drivers/STM32F4xx_HAL_Driver/Src/stm32f4xx_hal_gpio.o
 .debug_rnglists
                0x00000599      0x23c ./Drivers/STM32F4xx_HAL_Driver/Src/stm32f4xx_hal_i2c.o
 .debug_rnglists
                0x000007d5       0x66 ./Drivers/STM32F4xx_HAL_Driver/Src/stm32f4xx_hal_rcc.o
 .debug_rnglists
                0x0000083b      0x31a ./Drivers/STM32F4xx_HAL_Driver/Src/stm32f4xx_hal_tim.o
 .debug_rnglists
                0x00000b55      0x125 ./Drivers/STM32F4xx_HAL_Driver/Src/stm32f4xx_hal_tim_ex.o

.debug_macro    0x00000000    0x189d6
 .debug_macro   0x00000000      0x22d ./Core/Src/OLED.o
 .debug_macro   0x0000022d      0xac0 ./Core/Src/OLED.o
 .debug_macro   0x00000ced      0x2a1 ./Core/Src/OLED.o
 .debug_macro   0x00000f8e       0x2e ./Core/Src/OLED.o
 .debug_macro   0x00000fbc       0x28 ./Core/Src/OLED.o
 .debug_macro   0x00000fe4       0x22 ./Core/Src/OLED.o
 .debug_macro   0x00001006       0x8e ./Core/Src/OLED.o
 .debug_macro   0x00001094       0x51 ./Core/Src/OLED.o
 .debug_macro   0x000010e5      0x103 ./Core/Src/OLED.o
 .debug_macro   0x000011e8       0x6a ./Core/Src/OLED.o
 .debug_macro   0x00001252      0x1df ./Core/Src/OLED.o
 .debug_macro   0x00001431       0x1c ./Core/Src/OLED.o
 .debug_macro   0x0000144d       0x22 ./Core/Src/OLED.o
 .debug_macro   0x0000146f       0xfb ./Core/Src/OLED.o
 .debug_macro   0x0000156a     0x1011 ./Core/Src/OLED.o
 .debug_macro   0x0000257b      0x11f ./Core/Src/OLED.o
 .debug_macro   0x0000269a     0xb953 ./Core/Src/OLED.o
 .debug_macro   0x0000dfed       0x6d ./Core/Src/OLED.o
 .debug_macro   0x0000e05a     0x369a ./Core/Src/OLED.o
 .debug_macro   0x000116f4      0x189 ./Core/Src/OLED.o
 .debug_macro   0x0001187d       0x5c ./Core/Src/OLED.o
 .debug_macro   0x000118d9      0x45c ./Core/Src/OLED.o
 .debug_macro   0x00011d35      0x9e9 ./Core/Src/OLED.o
 .debug_macro   0x0001271e      0x115 ./Core/Src/OLED.o
 .debug_macro   0x00012833      0x11b ./Core/Src/OLED.o
 .debug_macro   0x0001294e       0xa5 ./Core/Src/OLED.o
 .debug_macro   0x000129f3      0x15f ./Core/Src/OLED.o
 .debug_macro   0x00012b52      0x287 ./Core/Src/OLED.o
 .debug_macro   0x00012dd9       0x5f ./Core/Src/OLED.o
 .debug_macro   0x00012e38      0x236 ./Core/Src/OLED.o
 .debug_macro   0x0001306e      0x9e1 ./Core/Src/OLED.o
 .debug_macro   0x00013a4f      0x38b ./Core/Src/OLED.o
 .debug_macro   0x00013dda      0x17d ./Core/Src/OLED.o
 .debug_macro   0x00013f57       0xf9 ./Core/Src/OLED.o
 .debug_macro   0x00014050      0x132 ./Core/Src/OLED.o
 .debug_macro   0x00014182      0x264 ./Core/Src/OLED.o
 .debug_macro   0x000143e6       0x2e ./Core/Src/OLED.o
 .debug_macro   0x00014414      0x1b5 ./Core/Src/OLED.o
 .debug_macro   0x000145c9       0x22 ./Core/Src/OLED.o
 .debug_macro   0x000145eb       0xd6 ./Core/Src/OLED.o
 .debug_macro   0x000146c1      0x127 ./Core/Src/OLED.o
 .debug_macro   0x000147e8       0x85 ./Core/Src/OLED.o
 .debug_macro   0x0001486d       0x89 ./Core/Src/OLED.o
 .debug_macro   0x000148f6      0x8ed ./Core/Src/OLED.o
 .debug_macro   0x000151e3       0x47 ./Core/Src/OLED.o
 .debug_macro   0x0001522a      0x126 ./Core/Src/OLED.o
 .debug_macro   0x00015350      0x219 ./Core/Src/adc.o
 .debug_macro   0x00015569      0x219 ./Core/Src/dma.o
 .debug_macro   0x00015782      0x215 ./Core/Src/generate.o
 .debug_macro   0x00015997      0x219 ./Core/Src/gpio.o
 .debug_macro   0x00015bb0      0x219 ./Core/Src/i2c.o
 .debug_macro   0x00015dc9      0x273 ./Core/Src/main.o
 .debug_macro   0x0001603c      0x344 ./Core/Src/oscilloscope.o
 .debug_macro   0x00016380       0x61 ./Core/Src/oscilloscope.o
 .debug_macro   0x000163e1       0x2a ./Core/Src/oscilloscope.o
 .debug_macro   0x0001640b       0x43 ./Core/Src/oscilloscope.o
 .debug_macro   0x0001644e       0x34 ./Core/Src/oscilloscope.o
 .debug_macro   0x00016482       0x16 ./Core/Src/oscilloscope.o
 .debug_macro   0x00016498       0x43 ./Core/Src/oscilloscope.o
 .debug_macro   0x000164db       0x34 ./Core/Src/oscilloscope.o
 .debug_macro   0x0001650f       0x10 ./Core/Src/oscilloscope.o
 .debug_macro   0x0001651f       0x58 ./Core/Src/oscilloscope.o
 .debug_macro   0x00016577       0x8e ./Core/Src/oscilloscope.o
 .debug_macro   0x00016605       0x1c ./Core/Src/oscilloscope.o
 .debug_macro   0x00016621      0x177 ./Core/Src/oscilloscope.o
 .debug_macro   0x00016798      0x369 ./Core/Src/oscilloscope.o
 .debug_macro   0x00016b01      0x19b ./Core/Src/oscilloscope.o
 .debug_macro   0x00016c9c       0x12 ./Core/Src/oscilloscope.o
 .debug_macro   0x00016cae       0x12 ./Core/Src/oscilloscope.o
 .debug_macro   0x00016cc0       0x16 ./Core/Src/oscilloscope.o
 .debug_macro   0x00016cd6       0x35 ./Core/Src/oscilloscope.o
 .debug_macro   0x00016d0b       0x20 ./Core/Src/oscilloscope.o
 .debug_macro   0x00016d2b       0xd6 ./Core/Src/oscilloscope.o
 .debug_macro   0x00016e01       0x7c ./Core/Src/oscilloscope.o
 .debug_macro   0x00016e7d      0x20f ./Core/Src/stm32f4xx_hal_msp.o
 .debug_macro   0x0001708c      0x21f ./Core/Src/stm32f4xx_it.o
 .debug_macro   0x000172ab      0x205 ./Core/Src/system_stm32f4xx.o
 .debug_macro   0x000174b0      0x219 ./Core/Src/tim.o
 .debug_macro   0x000176c9      0x265 ./Drivers/STM32F4xx_HAL_Driver/Src/stm32f4xx_hal.o
 .debug_macro   0x0001792e      0x206 ./Drivers/STM32F4xx_HAL_Driver/Src/stm32f4xx_hal_adc.o
 .debug_macro   0x00017b34      0x205 ./Drivers/STM32F4xx_HAL_Driver/Src/stm32f4xx_hal_cortex.o
 .debug_macro   0x00017d39      0x20b ./Drivers/STM32F4xx_HAL_Driver/Src/stm32f4xx_hal_dma.o
 .debug_macro   0x00017f44      0x20b ./Drivers/STM32F4xx_HAL_Driver/Src/stm32f4xx_hal_gpio.o
 .debug_macro   0x0001814f      0x253 ./Drivers/STM32F4xx_HAL_Driver/Src/stm32f4xx_hal_i2c.o
 .debug_macro   0x000183a2      0x229 ./Drivers/STM32F4xx_HAL_Driver/Src/stm32f4xx_hal_rcc.o
 .debug_macro   0x000185cb      0x206 ./Drivers/STM32F4xx_HAL_Driver/Src/stm32f4xx_hal_tim.o
 .debug_macro   0x000187d1      0x205 ./Drivers/STM32F4xx_HAL_Driver/Src/stm32f4xx_hal_tim_ex.o

.debug_line     0x00000000    0x16a3f
 .debug_line    0x00000000     0x1024 ./Core/Src/OLED.o
 .debug_line    0x00001024      0x841 ./Core/Src/adc.o
 .debug_line    0x00001865      0x798 ./Core/Src/dma.o
 .debug_line    0x00001ffd      0x962 ./Core/Src/generate.o
 .debug_line    0x0000295f      0x7b8 ./Core/Src/gpio.o
 .debug_line    0x00003117      0x804 ./Core/Src/i2c.o
 .debug_line    0x0000391b      0xaec ./Core/Src/main.o
 .debug_line    0x00004407      0xba5 ./Core/Src/oscilloscope.o
 .debug_line    0x00004fac      0x79a ./Core/Src/stm32f4xx_hal_msp.o
 .debug_line    0x00005746      0x8c0 ./Core/Src/stm32f4xx_it.o
 .debug_line    0x00006006      0x81f ./Core/Src/system_stm32f4xx.o
 .debug_line    0x00006825      0xa05 ./Core/Src/tim.o
 .debug_line    0x0000722a       0x7a ./Core/Startup/startup_stm32f411ceux.o
 .debug_line    0x000072a4      0xa88 ./Drivers/STM32F4xx_HAL_Driver/Src/stm32f4xx_hal.o
 .debug_line    0x00007d2c     0x1250 ./Drivers/STM32F4xx_HAL_Driver/Src/stm32f4xx_hal_adc.o
 .debug_line    0x00008f7c      0xd7a ./Drivers/STM32F4xx_HAL_Driver/Src/stm32f4xx_hal_cortex.o
 .debug_line    0x00009cf6      0xff8 ./Drivers/STM32F4xx_HAL_Driver/Src/stm32f4xx_hal_dma.o
 .debug_line    0x0000acee      0xbd8 ./Drivers/STM32F4xx_HAL_Driver/Src/stm32f4xx_hal_gpio.o
 .debug_line    0x0000b8c6     0x3bce ./Drivers/STM32F4xx_HAL_Driver/Src/stm32f4xx_hal_i2c.o
 .debug_line    0x0000f494      0xe11 ./Drivers/STM32F4xx_HAL_Driver/Src/stm32f4xx_hal_rcc.o
 .debug_line    0x000102a5     0x3606 ./Drivers/STM32F4xx_HAL_Driver/Src/stm32f4xx_hal_tim.o
 .debug_line    0x000138ab     0x1a19 ./Drivers/STM32F4xx_HAL_Driver/Src/stm32f4xx_hal_tim_ex.o
 .debug_line    0x000152c4      0x168 ../mydsp/GCC\libarm_cortexM4lf_math.a(arm_max_f32.o)
 .debug_line    0x0001542c      0x1b5 ../mydsp/GCC\libarm_cortexM4lf_math.a(arm_rfft_fast_init_f32.o)
 .debug_line    0x000155e1      0x2b2 ../mydsp/GCC\libarm_cortexM4lf_math.a(arm_rfft_fast_f32.o)
 .debug_line    0x00015893      0x73e ../mydsp/GCC\libarm_cortexM4lf_math.a(arm_cfft_f32.o)
 .debug_line    0x00015fd1      0x216 ../mydsp/GCC\libarm_cortexM4lf_math.a(arm_cmplx_mag_f32.o)
 .debug_line    0x000161e7      0x135 ../mydsp/GCC\libarm_cortexM4lf_math.a(arm_common_tables.o)
 .debug_line    0x0001631c       0xa2 ../mydsp/GCC\libarm_cortexM4lf_math.a(arm_bitreversal2.o)
 .debug_line    0x000163be      0x681 ../mydsp/GCC\libarm_cortexM4lf_math.a(arm_cfft_radix8_f32.o)

.debug_str      0x00000000    0x9b8ac
 .debug_str     0x00000000    0x927eb ./Core/Src/OLED.o
                              0x92ad1 (size before relaxing)
 .debug_str     0x000927eb      0x3c3 ./Core/Src/adc.o
                              0x929c2 (size before relaxing)
 .debug_str     0x00092bae      0x3e7 ./Core/Src/dma.o
                              0x92824 (size before relaxing)
 .debug_str     0x00092f95       0xc6 ./Core/Src/generate.o
                              0x923fb (size before relaxing)
 .debug_str     0x0009305b       0x68 ./Core/Src/gpio.o
                              0x928f2 (size before relaxing)
 .debug_str     0x000930c3       0x58 ./Core/Src/i2c.o
                              0x92a5e (size before relaxing)
 .debug_str     0x0009311b      0x67a ./Core/Src/main.o
                              0x93145 (size before relaxing)
 .debug_str     0x00093795     0x4529 ./Core/Src/oscilloscope.o
                              0x96e99 (size before relaxing)
 .debug_str     0x00097cbe       0x2c ./Core/Src/stm32f4xx_hal_msp.o
                              0x9245f (size before relaxing)
 .debug_str     0x00097cea      0x156 ./Core/Src/stm32f4xx_it.o
                              0x9270d (size before relaxing)
 .debug_str     0x00097e40       0xdb ./Core/Src/system_stm32f4xx.o
                              0x9250f (size before relaxing)
 .debug_str     0x00097f1b      0x2f6 ./Core/Src/tim.o
                              0x92dd9 (size before relaxing)
 .debug_str     0x00098211       0x44 ./Core/Startup/startup_stm32f411ceux.o
                                 0x5f (size before relaxing)
 .debug_str     0x00098255      0x60d ./Drivers/STM32F4xx_HAL_Driver/Src/stm32f4xx_hal.o
                              0x92f3b (size before relaxing)
 .debug_str     0x00098862      0x281 ./Drivers/STM32F4xx_HAL_Driver/Src/stm32f4xx_hal_adc.o
                              0x92aea (size before relaxing)
 .debug_str     0x00098ae3      0x375 ./Drivers/STM32F4xx_HAL_Driver/Src/stm32f4xx_hal_cortex.o
                              0x92ca5 (size before relaxing)
 .debug_str     0x00098e58      0x2c1 ./Drivers/STM32F4xx_HAL_Driver/Src/stm32f4xx_hal_dma.o
                              0x92917 (size before relaxing)
 .debug_str     0x00099119       0xe3 ./Drivers/STM32F4xx_HAL_Driver/Src/stm32f4xx_hal_gpio.o
                              0x9268a (size before relaxing)
 .debug_str     0x000991fc      0xaf1 ./Drivers/STM32F4xx_HAL_Driver/Src/stm32f4xx_hal_i2c.o
                              0x93520 (size before relaxing)
 .debug_str     0x00099ced      0x213 ./Drivers/STM32F4xx_HAL_Driver/Src/stm32f4xx_hal_rcc.o
                              0x92943 (size before relaxing)
 .debug_str     0x00099f00      0xc11 ./Drivers/STM32F4xx_HAL_Driver/Src/stm32f4xx_hal_tim.o
                              0x93887 (size before relaxing)
 .debug_str     0x0009ab11      0x493 ./Drivers/STM32F4xx_HAL_Driver/Src/stm32f4xx_hal_tim_ex.o
                              0x93093 (size before relaxing)
 .debug_str     0x0009afa4      0x190 ../mydsp/GCC\libarm_cortexM4lf_math.a(arm_max_f32.o)
                                0x262 (size before relaxing)
 .debug_str     0x0009b134      0x218 ../mydsp/GCC\libarm_cortexM4lf_math.a(arm_rfft_fast_init_f32.o)
                                0x52a (size before relaxing)
 .debug_str     0x0009b34c       0x74 ../mydsp/GCC\libarm_cortexM4lf_math.a(arm_rfft_fast_f32.o)
                                0x307 (size before relaxing)
 .debug_str     0x0009b3c0      0x10e ../mydsp/GCC\libarm_cortexM4lf_math.a(arm_cfft_f32.o)
                                0x372 (size before relaxing)
 .debug_str     0x0009b4ce       0x71 ../mydsp/GCC\libarm_cortexM4lf_math.a(arm_cmplx_mag_f32.o)
                                0x316 (size before relaxing)
 .debug_str     0x0009b53f      0x320 ../mydsp/GCC\libarm_cortexM4lf_math.a(arm_common_tables.o)
                                0x717 (size before relaxing)