../Core/Src/OLED.c:11:13:OLED_Write_Cmd	32	static
../Core/Src/OLED.c:22:13:OLED_Write_Dat	32	static
../Core/Src/OLED.c:33:6:OLED_Set_Pos	16	static
../Core/Src/OLED.c:42:6:OLED_Clear	8	static
../Core/Src/OLED.c:50:6:OLED_On	8	static
../Core/Src/OLED.c:61:17:oled_pow	24	static
../Core/Src/OLED.c:70:6:OLED_ShowChar	24	static
../Core/Src/OLED.c:95:6:OLED_ShowString	24	static
../Core/Src/OLED.c:110:6:OLED_ShowNum	24	static
../Core/Src/OLED.c:134:6:OLED_ShowFloat	104	static
../Core/Src/OLED.c:219:6:OLED_DrawPoint	24	static
../Core/Src/OLED.c:229:6:OLED_DrawLine	48	static
../Core/Src/OLED.c:262:6:OLED_Update_Screen	16	static
../Core/Src/OLED.c:273:6:OLED_Update_wave	16	static
../Core/Src/OLED.c:284:6:OLED_Clear_wave	16	static
../Core/Src/OLED.c:295:6:OLED_Update_num	16	static
../Core/Src/OLED.c:303:6:OLED_Clear_num_1	16	static
../Core/Src/OLED.c:311:6:OLED_Clear_num_2	16	static
../Core/Src/OLED.c:319:6:OLED_Clear_num_3	16	static
../Core/Src/OLED.c:328:6:OLED_Clear_num_4	16	static
../Core/Src/OLED.c:338:6:OLED_Init	8	static
../Core/Src/OLED.c:374:6:OLED_ShowCHinese	24	static
../Core/Src/OLED.c:390:6:OLED_Load	8	static
../Core/Src/OLED.c:415:6:OLED_grid	16	static
